Archive member included to satisfy reference by file (symbol)

c:/st/stm32cubeide_1.12.0/stm32cubeide/plugins/com.st.stm32cube.ide.mcu.externaltools.gnu-tools-for-stm32.10.3-2021.10.win32_1.0.200.202301161003/tools/bin/../lib/gcc/arm-none-eabi/10.3.1/../../../../arm-none-eabi/lib/thumb/v7e-m+fp/hard\libc_nano.a(lib_a-errno.o)
                              ./Core/Src/syscalls.o (__errno)
c:/st/stm32cubeide_1.12.0/stm32cubeide/plugins/com.st.stm32cube.ide.mcu.externaltools.gnu-tools-for-stm32.10.3-2021.10.win32_1.0.200.202301161003/tools/bin/../lib/gcc/arm-none-eabi/10.3.1/../../../../arm-none-eabi/lib/thumb/v7e-m+fp/hard\libc_nano.a(lib_a-exit.o)
                              c:/st/stm32cubeide_1.12.0/stm32cubeide/plugins/com.st.stm32cube.ide.mcu.externaltools.gnu-tools-for-stm32.10.3-2021.10.win32_1.0.200.202301161003/tools/bin/../lib/gcc/arm-none-eabi/10.3.1/../../../../arm-none-eabi/lib/thumb/v7e-m+fp/hard/crt0.o (exit)
c:/st/stm32cubeide_1.12.0/stm32cubeide/plugins/com.st.stm32cube.ide.mcu.externaltools.gnu-tools-for-stm32.10.3-2021.10.win32_1.0.200.202301161003/tools/bin/../lib/gcc/arm-none-eabi/10.3.1/../../../../arm-none-eabi/lib/thumb/v7e-m+fp/hard\libc_nano.a(lib_a-impure.o)
                              c:/st/stm32cubeide_1.12.0/stm32cubeide/plugins/com.st.stm32cube.ide.mcu.externaltools.gnu-tools-for-stm32.10.3-2021.10.win32_1.0.200.202301161003/tools/bin/../lib/gcc/arm-none-eabi/10.3.1/../../../../arm-none-eabi/lib/thumb/v7e-m+fp/hard\libc_nano.a(lib_a-exit.o) (_global_impure_ptr)
c:/st/stm32cubeide_1.12.0/stm32cubeide/plugins/com.st.stm32cube.ide.mcu.externaltools.gnu-tools-for-stm32.10.3-2021.10.win32_1.0.200.202301161003/tools/bin/../lib/gcc/arm-none-eabi/10.3.1/../../../../arm-none-eabi/lib/thumb/v7e-m+fp/hard\libc_nano.a(lib_a-init.o)
                              c:/st/stm32cubeide_1.12.0/stm32cubeide/plugins/com.st.stm32cube.ide.mcu.externaltools.gnu-tools-for-stm32.10.3-2021.10.win32_1.0.200.202301161003/tools/bin/../lib/gcc/arm-none-eabi/10.3.1/../../../../arm-none-eabi/lib/thumb/v7e-m+fp/hard/crt0.o (__libc_init_array)
c:/st/stm32cubeide_1.12.0/stm32cubeide/plugins/com.st.stm32cube.ide.mcu.externaltools.gnu-tools-for-stm32.10.3-2021.10.win32_1.0.200.202301161003/tools/bin/../lib/gcc/arm-none-eabi/10.3.1/../../../../arm-none-eabi/lib/thumb/v7e-m+fp/hard\libc_nano.a(lib_a-memcmp.o)
                              ./ThirdParty/FreeRTOS/tasks.o (memcmp)
c:/st/stm32cubeide_1.12.0/stm32cubeide/plugins/com.st.stm32cube.ide.mcu.externaltools.gnu-tools-for-stm32.10.3-2021.10.win32_1.0.200.202301161003/tools/bin/../lib/gcc/arm-none-eabi/10.3.1/../../../../arm-none-eabi/lib/thumb/v7e-m+fp/hard\libc_nano.a(lib_a-memcpy-stub.o)
                              ./ThirdParty/FreeRTOS/queue.o (memcpy)
c:/st/stm32cubeide_1.12.0/stm32cubeide/plugins/com.st.stm32cube.ide.mcu.externaltools.gnu-tools-for-stm32.10.3-2021.10.win32_1.0.200.202301161003/tools/bin/../lib/gcc/arm-none-eabi/10.3.1/../../../../arm-none-eabi/lib/thumb/v7e-m+fp/hard\libc_nano.a(lib_a-memset.o)
                              c:/st/stm32cubeide_1.12.0/stm32cubeide/plugins/com.st.stm32cube.ide.mcu.externaltools.gnu-tools-for-stm32.10.3-2021.10.win32_1.0.200.202301161003/tools/bin/../lib/gcc/arm-none-eabi/10.3.1/../../../../arm-none-eabi/lib/thumb/v7e-m+fp/hard/crt0.o (memset)
c:/st/stm32cubeide_1.12.0/stm32cubeide/plugins/com.st.stm32cube.ide.mcu.externaltools.gnu-tools-for-stm32.10.3-2021.10.win32_1.0.200.202301161003/tools/bin/../lib/gcc/arm-none-eabi/10.3.1/../../../../arm-none-eabi/lib/thumb/v7e-m+fp/hard\libc_nano.a(lib_a-strlen.o)
                              ./ThirdParty/SEGGER/SEGGER/SEGGER_RTT.o (strlen)
c:/st/stm32cubeide_1.12.0/stm32cubeide/plugins/com.st.stm32cube.ide.mcu.externaltools.gnu-tools-for-stm32.10.3-2021.10.win32_1.0.200.202301161003/tools/bin/../lib/gcc/arm-none-eabi/10.3.1/thumb/v7e-m+fp/hard\libgcc.a(_aeabi_uldivmod.o)
                              ./Drivers/STM32F4xx_HAL_Driver/Src/stm32f4xx_hal_rcc.o (__aeabi_uldivmod)
c:/st/stm32cubeide_1.12.0/stm32cubeide/plugins/com.st.stm32cube.ide.mcu.externaltools.gnu-tools-for-stm32.10.3-2021.10.win32_1.0.200.202301161003/tools/bin/../lib/gcc/arm-none-eabi/10.3.1/thumb/v7e-m+fp/hard\libgcc.a(_udivmoddi4.o)
                              c:/st/stm32cubeide_1.12.0/stm32cubeide/plugins/com.st.stm32cube.ide.mcu.externaltools.gnu-tools-for-stm32.10.3-2021.10.win32_1.0.200.202301161003/tools/bin/../lib/gcc/arm-none-eabi/10.3.1/thumb/v7e-m+fp/hard\libgcc.a(_aeabi_uldivmod.o) (__udivmoddi4)
c:/st/stm32cubeide_1.12.0/stm32cubeide/plugins/com.st.stm32cube.ide.mcu.externaltools.gnu-tools-for-stm32.10.3-2021.10.win32_1.0.200.202301161003/tools/bin/../lib/gcc/arm-none-eabi/10.3.1/thumb/v7e-m+fp/hard\libgcc.a(_dvmd_tls.o)
[...]
Memory Configuration

Name             Origin             Length             Attributes
RAM              0x0000000020000000 0x0000000000020000 xrw
FLASH            0x0000000008000000 0x0000000000080000 xr
*default*        0x0000000000000000 0xffffffffffffffff

Linker script and memory map

LOAD c:/st/stm32cubeide_1.12.0/stm32cubeide/plugins/com.st.stm32cube.ide.mcu.externaltools.gnu-tools-for-stm32.10.3-2021.10.win32_1.0.200.202301161003/tools/bin/../lib/gcc/arm-none-eabi/10.3.1/thumb/v7e-m+fp/hard/crti.o
LOAD c:/st/stm32cubeide_1.12.0/stm32cubeide/plugins/com.st.stm32cube.ide.mcu.externaltools.gnu-tools-for-stm32.10.3-2021.10.win32_1.0.200.202301161003/tools/bin/../lib/gcc/arm-none-eabi/10.3.1/thumb/v7e-m+fp/hard/crtbegin.o
LOAD c:/st/stm32cubeide_1.12.0/stm32cubeide/plugins/com.st.stm32cube.ide.mcu.externaltools.gnu-tools-for-stm32.10.3-2021.10.win32_1.0.200.202301161003/tools/bin/../lib/gcc/arm-none-eabi/10.3.1/../../../../arm-none-eabi/lib/thumb/v7e-m+fp/hard/crt0.o
LOAD ./Core/Src/main.o
LOAD ./Core/Src/stm32f4xx_hal_msp.o
LOAD ./Core/Src/stm32f4xx_hal_timebase_tim.o
LOAD ./Core/Src/stm32f4xx_it.o
LOAD ./Core/Src/syscalls.o
LOAD ./Core/Src/system_stm32f4xx.o
LOAD ./Core/Startup/startup_stm32f446retx.o
LOAD ./Drivers/STM32F4xx_HAL_Driver/Src/stm32f4xx_hal.o
LOAD ./Drivers/STM32F4xx_HAL_Driver/Src/stm32f4xx_hal_cortex.o
LOAD ./Drivers/STM32F4xx_HAL_Driver/Src/stm32f4xx_hal_dma.o
LOAD ./Drivers/STM32F4xx_HAL_Driver/Src/stm32f4xx_hal_dma_ex.o
LOAD ./Drivers/STM32F4xx_HAL_Driver/Src/stm32f4xx_hal_exti.o
LOAD ./Drivers/STM32F4xx_HAL_Driver/Src/stm32f4xx_hal_flash.o
LOAD ./Drivers/STM32F4xx_HAL_Driver/Src/stm32f4xx_hal_flash_ex.o
LOAD ./Drivers/STM32F4xx_HAL_Driver/Src/stm32f4xx_hal_flash_ramfunc.o
LOAD ./Drivers/STM32F4xx_HAL_Driver/Src/stm32f4xx_hal_gpio.o
LOAD ./Drivers/STM32F4xx_HAL_Driver/Src/stm32f4xx_hal_pwr.o
LOAD ./Drivers/STM32F4xx_HAL_Driver/Src/stm32f4xx_hal_pwr_ex.o
LOAD ./Drivers/STM32F4xx_HAL_Driver/Src/stm32f4xx_hal_rcc.o
LOAD ./Drivers/STM32F4xx_HAL_Driver/Src/stm32f4xx_hal_rcc_ex.o
LOAD ./Drivers/STM32F4xx_HAL_Driver/Src/stm32f4xx_hal_tim.o
LOAD ./Drivers/STM32F4xx_HAL_Driver/Src/stm32f4xx_hal_tim_ex.o
LOAD ./ThirdParty/FreeRTOS/croutine.o
LOAD ./ThirdParty/FreeRTOS/event_groups.o
LOAD ./ThirdParty/FreeRTOS/list.o
LOAD ./ThirdParty/FreeRTOS/queue.o
LOAD ./ThirdParty/FreeRTOS/stream_buffer.o
LOAD ./ThirdParty/FreeRTOS/tasks.o
LOAD ./ThirdParty/FreeRTOS/timers.o
LOAD ./ThirdParty/FreeRTOS/portable/GCC/ARM_CM4F/port.o
LOAD ./ThirdParty/FreeRTOS/portable/MemMang/heap_4.o
LOAD ./ThirdParty/SEGGER/Config/SEGGER_SYSVIEW_Config_FreeRTOS.o
LOAD ./ThirdParty/SEGGER/OS/SEGGER_SYSVIEW_FreeRTOS.o
LOAD ./ThirdParty/SEGGER/Rec/segger_uart.o
LOAD ./ThirdParty/SEGGER/SEGGER/SEGGER_RTT.o
LOAD ./ThirdParty/SEGGER/SEGGER/SEGGER_RTT_ASM_ARMv7M.o
LOAD ./ThirdParty/SEGGER/SEGGER/SEGGER_RTT_printf.o
LOAD ./ThirdParty/SEGGER/SEGGER/SEGGER_SYSVIEW.o
LOAD ./ThirdParty/SEGGER/SEGGER/Syscalls/SEGGER_RTT_Syscalls_GCC.o
START GROUP
LOAD c:/st/stm32cubeide_1.12.0/stm32cubeide/plugins/com.st.stm32cube.ide.mcu.externaltools.gnu-tools-for-stm32.10.3-2021.10.win32_1.0.200.202301161003/tools/bin/../lib/gcc/arm-none-eabi/10.3.1/../../../../arm-none-eabi/lib/thumb/v7e-m+fp/hard\libc_nano.a
LOAD c:/st/stm32cubeide_1.12.0/stm32cubeide/plugins/com.st.stm32cube.ide.mcu.externaltools.gnu-tools-for-stm32.10.3-2021.10.win32_1.0.200.202301161003/tools/bin/../lib/gcc/arm-none-eabi/10.3.1/../../../../arm-none-eabi/lib/thumb/v7e-m+fp/hard\libm.a
END GROUP
START GROUP
LOAD c:/st/stm32cubeide_1.12.0/stm32cubeide/plugins/com.st.stm32cube.ide.mcu.externaltools.gnu-tools-for-stm32.10.3-2021.10.win32_1.0.200.202301161003/tools/bin/../lib/gcc/arm-none-eabi/10.3.1/thumb/v7e-m+fp/hard\libgcc.a
LOAD c:/st/stm32cubeide_1.12.0/stm32cubeide/plugins/com.st.stm32cube.ide.mcu.externaltools.gnu-tools-for-stm32.10.3-2021.10.win32_1.0.200.202301161003/tools/bin/../lib/gcc/arm-none-eabi/10.3.1/../../../../arm-none-eabi/lib/thumb/v7e-m+fp/hard\libc_nano.a
END GROUP
START GROUP
LOAD c:/st/stm32cubeide_1.12.0/stm32cubeide/plugins/com.st.stm32cube.ide.mcu.externaltools.gnu-tools-for-stm32.10.3-2021.10.win32_1.0.200.202301161003/tools/bin/../lib/gcc/arm-none-eabi/10.3.1/thumb/v7e-m+fp/hard\libgcc.a
LOAD c:/st/stm32cubeide_1.12.0/stm32cubeide/plugins/com.st.stm32cube.ide.mcu.externaltools.gnu-tools-for-stm32.10.3-2021.10.win32_1.0.200.202301161003/tools/bin/../lib/gcc/arm-none-eabi/10.3.1/../../../../arm-none-eabi/lib/thumb/v7e-m+fp/hard\libc_nano.a
LOAD c:/st/stm32cubeide_1.12.0/stm32cubeide/plugins/com.st.stm32cube.ide.mcu.externaltools.gnu-tools-for-stm32.10.3-2021.10.win32_1.0.200.202301161003/tools/bin/../lib/gcc/arm-none-eabi/10.3.1/../../../../arm-none-eabi/lib/thumb/v7e-m+fp/hard\libnosys.a
END GROUP
START GROUP
LOAD c:/st/stm32cubeide_1.12.0/stm32cubeide/plugins/com.st.stm32cube.ide.mcu.externaltools.gnu-tools-for-stm32.10.3-2021.10.win32_1.0.200.202301161003/tools/bin/../lib/gcc/arm-none-eabi/10.3.1/thumb/v7e-m+fp/hard\libgcc.a
LOAD c:/st/stm32cubeide_1.12.0/stm32cubeide/plugins/com.st.stm32cube.ide.mcu.externaltools.gnu-tools-for-stm32.10.3-2021.10.win32_1.0.200.202301161003/tools/bin/../lib/gcc/arm-none-eabi/10.3.1/../../../../arm-none-eabi/lib/thumb/v7e-m+fp/hard\libc_nano.a
LOAD c:/st/stm32cubeide_1.12.0/stm32cubeide/plugins/com.st.stm32cube.ide.mcu.externaltools.gnu-tools-for-stm32.10.3-2021.10.win32_1.0.200.202301161003/tools/bin/../lib/gcc/arm-none-eabi/10.3.1/../../../../arm-none-eabi/lib/thumb/v7e-m+fp/hard\libnosys.a
END GROUP
LOAD c:/st/stm32cubeide_1.12.0/stm32cubeide/plugins/com.st.stm32cube.ide.mcu.externaltools.gnu-tools-for-stm32.10.3-2021.10.win32_1.0.200.202301161003/tools/bin/../lib/gcc/arm-none-eabi/10.3.1/thumb/v7e-m+fp/hard/crtend.o
LOAD c:/st/stm32cubeide_1.12.0/stm32cubeide/plugins/com.st.stm32cube.ide.mcu.externaltools.gnu-tools-for-stm32.10.3-2021.10.win32_1.0.200.202301161003/tools/bin/../lib/gcc/arm-none-eabi/10.3.1/thumb/v7e-m+fp/hard/crtn.o
                0x0000000020020000                _estack = (ORIGIN (RAM) + LENGTH (RAM))
                0x0000000000000200                _Min_Heap_Size = 0x200
                0x0000000000000400                _Min_Stack_Size = 0x400

.isr_vector     0x0000000008000000      0x1c4
                0x0000000008000000                . = ALIGN (0x4)
 *(.isr_vector)
 .isr_vector    0x0000000008000000      0x1c4 ./Core/Startup/startup_stm32f446retx.o
                0x0000000008000000                g_pfnVectors
                0x00000000080001c4                . = ALIGN (0x4)

.text           0x00000000080001d0     0x7898
                0x00000000080001d0                . = ALIGN (0x4)
 *(.text)
 .text          0x00000000080001d0       0x40 c:/st/stm32cubeide_1.12.0/stm32cubeide/plugins/com.st.stm32cube.ide.mcu.externaltools.gnu-tools-for-stm32.10.3-2021.10.win32_1.0.200.202301161003/tools/bin/../lib/gcc/arm-none-eabi/10.3.1/thumb/v7e-m+fp/hard/crtbegin.o
 .text          0x0000000008000210       0x94 ./ThirdParty/SEGGER/SEGGER/SEGGER_RTT_ASM_ARMv7M.o
                0x0000000008000210                SEGGER_RTT_ASM_WriteSkipNoLock
 .text          0x00000000080002a4       0x30 c:/st/stm32cubeide_1.12.0/stm32cubeide/plugins/com.st.stm32cube.ide.mcu.externaltools.gnu-tools-for-stm32.10.3-2021.10.win32_1.0.200.202301161003/tools/bin/../lib/gcc/arm-none-eabi/10.3.1/thumb/v7e-m+fp/hard\libgcc.a(_aeabi_uldivmod.o)
                0x00000000080002a4                __aeabi_uldivmod
 .text          0x00000000080002d4      0x2d0 c:/st/stm32cubeide_1.12.0/stm32cubeide/plugins/com.st.stm32cube.ide.mcu.externaltools.gnu-tools-for-stm32.10.3-2021.10.win32_1.0.200.202301161003/tools/bin/../lib/gcc/arm-none-eabi/10.3.1/thumb/v7e-m+fp/hard\libgcc.a(_udivmoddi4.o)
                0x00000000080002d4                __udivmoddi4
 .text          0x00000000080005a4        0x4 c:/st/stm32cubeide_1.12.0/stm32cubeide/plugins/com.st.stm32cube.ide.mcu.externaltools.gnu-tools-for-stm32.10.3-2021.10.win32_1.0.200.202301161003/tools/bin/../lib/gcc/arm-none-eabi/10.3.1/thumb/v7e-m+fp/hard\libgcc.a(_dvmd_tls.o)
                0x00000000080005a4                __aeabi_idiv0
                0x00000000080005a4                __aeabi_ldiv0
 *(.text*)
 .text.main     0x00000000080005a8      0x114 ./Core/Src/main.o
                0x00000000080005a8                main
 .text.SystemClock_Config
                0x00000000080006bc       0xdc ./Core/Src/main.o
                0x00000000080006bc                SystemClock_Config
 .text.MX_GPIO_Init
                0x0000000008000798      0x138 ./Core/Src/main.o
 .text.Task1Handler
                0x00000000080008d0       0x7c ./Core/Src/main.o
                0x00000000080008d0                Task1Handler
 .text.Task2Handler
                0x000000000800094c       0x78 ./Core/Src/main.o
                0x000000000800094c                Task2Handler
 .text.Task3Handler
                0x00000000080009c4       0x70 ./Core/Src/main.o
                0x00000000080009c4                Task3Handler
 .text.ButtonTaskHandler
                0x0000000008000a34       0x50 ./Core/Src/main.o
                0x0000000008000a34                ButtonTaskHandler
 .text.HAL_TIM_PeriodElapsedCallback
                0x0000000008000a84       0x24 ./Core/Src/main.o
                0x0000000008000a84                HAL_TIM_PeriodElapsedCallback
 .text.Error_Handler
                0x0000000008000aa8        0xa ./Core/Src/main.o
                0x0000000008000aa8                Error_Handler
 *fill*         0x0000000008000ab2        0x2 
 .text.HAL_MspInit
                0x0000000008000ab4       0x50 ./Core/Src/stm32f4xx_hal_msp.o
                0x0000000008000ab4                HAL_MspInit
 .text.HAL_InitTick
                0x0000000008000b04       0xf8 ./Core/Src/stm32f4xx_hal_timebase_tim.o
                0x0000000008000b04                HAL_InitTick
 .text.NMI_Handler
                0x0000000008000bfc        0x6 ./Core/Src/stm32f4xx_it.o
                0x0000000008000bfc                NMI_Handler
 .text.HardFault_Handler
                0x0000000008000c02        0x6 ./Core/Src/stm32f4xx_it.o
                0x0000000008000c02                HardFault_Handler
 .text.MemManage_Handler
                0x0000000008000c08        0x6 ./Core/Src/stm32f4xx_it.o
                0x0000000008000c08                MemManage_Handler
 .text.BusFault_Handler
                0x0000000008000c0e        0x6 ./Core/Src/stm32f4xx_it.o
                0x0000000008000c0e                BusFault_Handler
 .text.UsageFault_Handler
                0x0000000008000c14        0x6 ./Core/Src/stm32f4xx_it.o
                0x0000000008000c14                UsageFault_Handler
 .text.DebugMon_Handler
                0x0000000008000c1a        0xe ./Core/Src/stm32f4xx_it.o
                0x0000000008000c1a                DebugMon_Handler
 .text.EXTI15_10_IRQHandler
                0x0000000008000c28       0x14 ./Core/Src/stm32f4xx_it.o
                0x0000000008000c28                EXTI15_10_IRQHandler
 .text.TIM6_DAC_IRQHandler
                0x0000000008000c3c       0x14 ./Core/Src/stm32f4xx_it.o
                0x0000000008000c3c                TIM6_DAC_IRQHandler
 .text.SystemInit
                0x0000000008000c50       0x24 ./Core/Src/system_stm32f4xx.o
                0x0000000008000c50                SystemInit
 .text.Reset_Handler
                0x0000000008000c74       0x50 ./Core/Startup/startup_stm32f446retx.o
                0x0000000008000c74                Reset_Handler
 .text.Default_Handler
                0x0000000008000cc4        0x2 ./Core/Startup/startup_stm32f446retx.o
                0x0000000008000cc4                RTC_Alarm_IRQHandler
                0x0000000008000cc4                EXTI2_IRQHandler
                0x0000000008000cc4                TIM8_CC_IRQHandler
                0x0000000008000cc4                FMPI2C1_EV_IRQHandler
                0x0000000008000cc4                SPI4_IRQHandler
                0x0000000008000cc4                TIM1_CC_IRQHandler
                0x0000000008000cc4                DMA2_Stream5_IRQHandler
                0x0000000008000cc4                DMA1_Stream5_IRQHandler
                0x0000000008000cc4                PVD_IRQHandler
                0x0000000008000cc4                SDIO_IRQHandler
                0x0000000008000cc4                TAMP_STAMP_IRQHandler
                0x0000000008000cc4                CAN2_RX1_IRQHandler
                0x0000000008000cc4                EXTI3_IRQHandler
                0x0000000008000cc4                TIM8_TRG_COM_TIM14_IRQHandler
                0x0000000008000cc4                TIM1_UP_TIM10_IRQHandler
                0x0000000008000cc4                TIM8_UP_TIM13_IRQHandler
                0x0000000008000cc4                I2C3_ER_IRQHandler
                0x0000000008000cc4                EXTI0_IRQHandler
                0x0000000008000cc4                I2C2_EV_IRQHandler
                0x0000000008000cc4                DMA1_Stream2_IRQHandler
                0x0000000008000cc4                CAN1_RX0_IRQHandler
                0x0000000008000cc4                FPU_IRQHandler
                0x0000000008000cc4                OTG_HS_WKUP_IRQHandler
                0x0000000008000cc4                CAN2_SCE_IRQHandler
                0x0000000008000cc4                DMA2_Stream2_IRQHandler
                0x0000000008000cc4                SPI1_IRQHandler
                0x0000000008000cc4                TIM1_BRK_TIM9_IRQHandler
                0x0000000008000cc4                DCMI_IRQHandler
                0x0000000008000cc4                CAN2_RX0_IRQHandler
                0x0000000008000cc4                DMA2_Stream3_IRQHandler
                0x0000000008000cc4                SAI2_IRQHandler
                0x0000000008000cc4                USART6_IRQHandler
                0x0000000008000cc4                USART3_IRQHandler
                0x0000000008000cc4                CAN1_RX1_IRQHandler
                0x0000000008000cc4                UART5_IRQHandler
                0x0000000008000cc4                DMA2_Stream0_IRQHandler
                0x0000000008000cc4                TIM4_IRQHandler
                0x0000000008000cc4                QUADSPI_IRQHandler
                0x0000000008000cc4                I2C1_EV_IRQHandler
                0x0000000008000cc4                DMA1_Stream6_IRQHandler
                0x0000000008000cc4                DMA1_Stream1_IRQHandler
                0x0000000008000cc4                UART4_IRQHandler
                0x0000000008000cc4                TIM3_IRQHandler
                0x0000000008000cc4                RCC_IRQHandler
                0x0000000008000cc4                TIM8_BRK_TIM12_IRQHandler
                0x0000000008000cc4                Default_Handler
                0x0000000008000cc4                CEC_IRQHandler
                0x0000000008000cc4                ADC_IRQHandler
                0x0000000008000cc4                DMA1_Stream7_IRQHandler
                0x0000000008000cc4                TIM7_IRQHandler
                0x0000000008000cc4                CAN2_TX_IRQHandler
                0x0000000008000cc4                TIM5_IRQHandler
                0x0000000008000cc4                DMA2_Stream7_IRQHandler
                0x0000000008000cc4                I2C3_EV_IRQHandler
                0x0000000008000cc4                EXTI9_5_IRQHandler
                0x0000000008000cc4                RTC_WKUP_IRQHandler
                0x0000000008000cc4                SPDIF_RX_IRQHandler
                0x0000000008000cc4                SPI2_IRQHandler
                0x0000000008000cc4                OTG_HS_EP1_IN_IRQHandler
                0x0000000008000cc4                DMA1_Stream0_IRQHandler
                0x0000000008000cc4                CAN1_TX_IRQHandler
                0x0000000008000cc4                FMPI2C1_ER_IRQHandler
                0x0000000008000cc4                EXTI4_IRQHandler
                0x0000000008000cc4                OTG_HS_EP1_OUT_IRQHandler
                0x0000000008000cc4                WWDG_IRQHandler
                0x0000000008000cc4                TIM2_IRQHandler
                0x0000000008000cc4                OTG_FS_WKUP_IRQHandler
                0x0000000008000cc4                TIM1_TRG_COM_TIM11_IRQHandler
                0x0000000008000cc4                OTG_HS_IRQHandler
                0x0000000008000cc4                EXTI1_IRQHandler
                0x0000000008000cc4                I2C2_ER_IRQHandler
                0x0000000008000cc4                DMA2_Stream1_IRQHandler
                0x0000000008000cc4                CAN1_SCE_IRQHandler
                0x0000000008000cc4                FLASH_IRQHandler
                0x0000000008000cc4                DMA2_Stream4_IRQHandler
                0x0000000008000cc4                USART1_IRQHandler
                0x0000000008000cc4                OTG_FS_IRQHandler
                0x0000000008000cc4                SPI3_IRQHandler
                0x0000000008000cc4                DMA1_Stream4_IRQHandler
                0x0000000008000cc4                I2C1_ER_IRQHandler
                0x0000000008000cc4                FMC_IRQHandler
                0x0000000008000cc4                DMA2_Stream6_IRQHandler
                0x0000000008000cc4                SAI1_IRQHandler
                0x0000000008000cc4                DMA1_Stream3_IRQHandler
 *fill*         0x0000000008000cc6        0x2 
 .text.HAL_Init
                0x0000000008000cc8       0x44 ./Drivers/STM32F4xx_HAL_Driver/Src/stm32f4xx_hal.o
                0x0000000008000cc8                HAL_Init
 .text.HAL_IncTick
                0x0000000008000d0c       0x28 ./Drivers/STM32F4xx_HAL_Driver/Src/stm32f4xx_hal.o
                0x0000000008000d0c                HAL_IncTick
 .text.HAL_GetTick
                0x0000000008000d34       0x18 ./Drivers/STM32F4xx_HAL_Driver/Src/stm32f4xx_hal.o
                0x0000000008000d34                HAL_GetTick
 .text.__NVIC_SetPriorityGrouping
                0x0000000008000d4c       0x48 ./Drivers/STM32F4xx_HAL_Driver/Src/stm32f4xx_hal_cortex.o
 .text.__NVIC_GetPriorityGrouping
                0x0000000008000d94       0x1c ./Drivers/STM32F4xx_HAL_Driver/Src/stm32f4xx_hal_cortex.o
 .text.__NVIC_EnableIRQ
                0x0000000008000db0       0x3c ./Drivers/STM32F4xx_HAL_Driver/Src/stm32f4xx_hal_cortex.o
 .text.__NVIC_SetPriority
                0x0000000008000dec       0x54 ./Drivers/STM32F4xx_HAL_Driver/Src/stm32f4xx_hal_cortex.o
 .text.NVIC_EncodePriority
                0x0000000008000e40       0x66 ./Drivers/STM32F4xx_HAL_Driver/Src/stm32f4xx_hal_cortex.o
 .text.HAL_NVIC_SetPriorityGrouping
                0x0000000008000ea6       0x16 ./Drivers/STM32F4xx_HAL_Driver/Src/stm32f4xx_hal_cortex.o
                0x0000000008000ea6                HAL_NVIC_SetPriorityGrouping
 .text.HAL_NVIC_SetPriority
                0x0000000008000ebc       0x38 ./Drivers/STM32F4xx_HAL_Driver/Src/stm32f4xx_hal_cortex.o
                0x0000000008000ebc                HAL_NVIC_SetPriority
 .text.HAL_NVIC_EnableIRQ
                0x0000000008000ef4       0x1c ./Drivers/STM32F4xx_HAL_Driver/Src/stm32f4xx_hal_cortex.o
                0x0000000008000ef4                HAL_NVIC_EnableIRQ
 .text.HAL_GPIO_Init
                0x0000000008000f10      0x328 ./Drivers/STM32F4xx_HAL_Driver/Src/stm32f4xx_hal_gpio.o
                0x0000000008000f10                HAL_GPIO_Init
 .text.HAL_GPIO_WritePin
                0x0000000008001238       0x32 ./Drivers/STM32F4xx_HAL_Driver/Src/stm32f4xx_hal_gpio.o
                0x0000000008001238                HAL_GPIO_WritePin
 .text.HAL_GPIO_TogglePin
                0x000000000800126a       0x34 ./Drivers/STM32F4xx_HAL_Driver/Src/stm32f4xx_hal_gpio.o
                0x000000000800126a                HAL_GPIO_TogglePin
 *fill*         0x000000000800129e        0x2 
 .text.HAL_GPIO_EXTI_IRQHandler
                0x00000000080012a0       0x30 ./Drivers/STM32F4xx_HAL_Driver/Src/stm32f4xx_hal_gpio.o
                0x00000000080012a0                HAL_GPIO_EXTI_IRQHandler
 .text.HAL_GPIO_EXTI_Callback
                0x00000000080012d0       0x16 ./Drivers/STM32F4xx_HAL_Driver/Src/stm32f4xx_hal_gpio.o
                0x00000000080012d0                HAL_GPIO_EXTI_Callback
 *fill*         0x00000000080012e6        0x2 
 .text.HAL_RCC_ClockConfig
                0x00000000080012e8      0x1cc ./Drivers/STM32F4xx_HAL_Driver/Src/stm32f4xx_hal_rcc.o
                0x00000000080012e8                HAL_RCC_ClockConfig
 .text.HAL_RCC_GetHCLKFreq
                0x00000000080014b4       0x18 ./Drivers/STM32F4xx_HAL_Driver/Src/stm32f4xx_hal_rcc.o
                0x00000000080014b4                HAL_RCC_GetHCLKFreq
 .text.HAL_RCC_GetPCLK1Freq
                0x00000000080014cc       0x28 ./Drivers/STM32F4xx_HAL_Driver/Src/stm32f4xx_hal_rcc.o
                0x00000000080014cc                HAL_RCC_GetPCLK1Freq
 .text.HAL_RCC_GetClockConfig
                0x00000000080014f4       0x64 ./Drivers/STM32F4xx_HAL_Driver/Src/stm32f4xx_hal_rcc.o
                0x00000000080014f4                HAL_RCC_GetClockConfig
 .text.HAL_RCC_GetSysClockFreq
                0x0000000008001558      0x460 ./Drivers/STM32F4xx_HAL_Driver/Src/stm32f4xx_hal_rcc_ex.o
                0x0000000008001558                HAL_RCC_GetSysClockFreq
 .text.HAL_RCC_OscConfig
                0x00000000080019b8      0x53c ./Drivers/STM32F4xx_HAL_Driver/Src/stm32f4xx_hal_rcc_ex.o
                0x00000000080019b8                HAL_RCC_OscConfig
 .text.HAL_TIM_Base_Init
                0x0000000008001ef4       0x9e ./Drivers/STM32F4xx_HAL_Driver/Src/stm32f4xx_hal_tim.o
                0x0000000008001ef4                HAL_TIM_Base_Init
 .text.HAL_TIM_Base_MspInit
                0x0000000008001f92       0x14 ./Drivers/STM32F4xx_HAL_Driver/Src/stm32f4xx_hal_tim.o
                0x0000000008001f92                HAL_TIM_Base_MspInit
 *fill*         0x0000000008001fa6        0x2 
 .text.HAL_TIM_Base_Start_IT
                0x0000000008001fa8       0xe0 ./Drivers/STM32F4xx_HAL_Driver/Src/stm32f4xx_hal_tim.o
                0x0000000008001fa8                HAL_TIM_Base_Start_IT
 .text.HAL_TIM_IRQHandler
                0x0000000008002088      0x210 ./Drivers/STM32F4xx_HAL_Driver/Src/stm32f4xx_hal_tim.o
                0x0000000008002088                HAL_TIM_IRQHandler
 .text.HAL_TIM_OC_DelayElapsedCallback
                0x0000000008002298       0x14 ./Drivers/STM32F4xx_HAL_Driver/Src/stm32f4xx_hal_tim.o
                0x0000000008002298                HAL_TIM_OC_DelayElapsedCallback
 .text.HAL_TIM_IC_CaptureCallback
                0x00000000080022ac       0x14 ./Drivers/STM32F4xx_HAL_Driver/Src/stm32f4xx_hal_tim.o
                0x00000000080022ac                HAL_TIM_IC_CaptureCallback
 .text.HAL_TIM_PWM_PulseFinishedCallback
                0x00000000080022c0       0x14 ./Drivers/STM32F4xx_HAL_Driver/Src/stm32f4xx_hal_tim.o
                0x00000000080022c0                HAL_TIM_PWM_PulseFinishedCallback
 .text.HAL_TIM_TriggerCallback
                0x00000000080022d4       0x14 ./Drivers/STM32F4xx_HAL_Driver/Src/stm32f4xx_hal_tim.o
                0x00000000080022d4                HAL_TIM_TriggerCallback
 .text.TIM_Base_SetConfig
                0x00000000080022e8      0x140 ./Drivers/STM32F4xx_HAL_Driver/Src/stm32f4xx_hal_tim.o
                0x00000000080022e8                TIM_Base_SetConfig
 .text.HAL_TIMEx_CommutCallback
                0x0000000008002428       0x14 ./Drivers/STM32F4xx_HAL_Driver/Src/stm32f4xx_hal_tim_ex.o
                0x0000000008002428                HAL_TIMEx_CommutCallback
 .text.HAL_TIMEx_BreakCallback
                0x000000000800243c       0x14 ./Drivers/STM32F4xx_HAL_Driver/Src/stm32f4xx_hal_tim_ex.o
                0x000000000800243c                HAL_TIMEx_BreakCallback
 .text.vListInitialise
                0x0000000008002450       0x40 ./ThirdParty/FreeRTOS/list.o
                0x0000000008002450                vListInitialise
 .text.vListInitialiseItem
                0x0000000008002490       0x1a ./ThirdParty/FreeRTOS/list.o
                0x0000000008002490                vListInitialiseItem
 .text.vListInsertEnd
                0x00000000080024aa       0x48 ./ThirdParty/FreeRTOS/list.o
                0x00000000080024aa                vListInsertEnd
 .text.vListInsert
                0x00000000080024f2       0x72 ./ThirdParty/FreeRTOS/list.o
                0x00000000080024f2                vListInsert
 .text.uxListRemove
                0x0000000008002564       0x54 ./ThirdParty/FreeRTOS/list.o
                0x0000000008002564                uxListRemove
 .text.xQueueGenericReset
                0x00000000080025b8      0x120 ./ThirdParty/FreeRTOS/queue.o
                0x00000000080025b8                xQueueGenericReset
 .text.xQueueGenericCreate
                0x00000000080026d8       0x9c ./ThirdParty/FreeRTOS/queue.o
                0x00000000080026d8                xQueueGenericCreate
 .text.prvInitialiseNewQueue
                0x0000000008002774       0x52 ./ThirdParty/FreeRTOS/queue.o
 *fill*         0x00000000080027c6        0x2 
 .text.xQueueReceive
                0x00000000080027c8      0x220 ./ThirdParty/FreeRTOS/queue.o
                0x00000000080027c8                xQueueReceive
 .text.prvCopyDataFromQueue
                0x00000000080029e8       0x4c ./ThirdParty/FreeRTOS/queue.o
 .text.prvUnlockQueue
                0x0000000008002a34       0xa4 ./ThirdParty/FreeRTOS/queue.o
 .text.prvIsQueueEmpty
                0x0000000008002ad8       0x2c ./ThirdParty/FreeRTOS/queue.o
 .text.vQueueAddToRegistry
                0x0000000008002b04       0xac ./ThirdParty/FreeRTOS/queue.o
                0x0000000008002b04                vQueueAddToRegistry
 .text.vQueueWaitForMessageRestricted
                0x0000000008002bb0       0x68 ./ThirdParty/FreeRTOS/queue.o
                0x0000000008002bb0                vQueueWaitForMessageRestricted
 .text.xTaskCreate
                0x0000000008002c18       0x8c ./ThirdParty/FreeRTOS/tasks.o
                0x0000000008002c18                xTaskCreate
 .text.prvInitialiseNewTask
                0x0000000008002ca4      0x11c ./ThirdParty/FreeRTOS/tasks.o
 .text.prvAddNewTaskToReadyList
                0x0000000008002dc0      0x168 ./ThirdParty/FreeRTOS/tasks.o
 .text.vTaskDelete
                0x0000000008002f28      0x15c ./ThirdParty/FreeRTOS/tasks.o
                0x0000000008002f28                vTaskDelete
 .text.vTaskStartScheduler
                0x0000000008003084       0xcc ./ThirdParty/FreeRTOS/tasks.o
                0x0000000008003084                vTaskStartScheduler
 .text.vTaskSuspendAll
                0x0000000008003150       0x1c ./ThirdParty/FreeRTOS/tasks.o
                0x0000000008003150                vTaskSuspendAll
 .text.xTaskResumeAll
                0x000000000800316c      0x200 ./ThirdParty/FreeRTOS/tasks.o
                0x000000000800316c                xTaskResumeAll
 .text.xTaskGetTickCount
                0x000000000800336c       0x20 ./ThirdParty/FreeRTOS/tasks.o
                0x000000000800336c                xTaskGetTickCount
 .text.xTaskGetTickCountFromISR
                0x000000000800338c       0x24 ./ThirdParty/FreeRTOS/tasks.o
                0x000000000800338c                xTaskGetTickCountFromISR
 .text.xTaskIncrementTick
                0x00000000080033b0      0x234 ./ThirdParty/FreeRTOS/tasks.o
                0x00000000080033b0                xTaskIncrementTick
 .text.vTaskSwitchContext
                0x00000000080035e4       0xdc ./ThirdParty/FreeRTOS/tasks.o
                0x00000000080035e4                vTaskSwitchContext
 .text.vTaskPlaceOnEventList
                0x00000000080036c0       0x48 ./ThirdParty/FreeRTOS/tasks.o
                0x00000000080036c0                vTaskPlaceOnEventList
 .text.vTaskPlaceOnEventListRestricted
                0x0000000008003708       0x90 ./ThirdParty/FreeRTOS/tasks.o
                0x0000000008003708                vTaskPlaceOnEventListRestricted
 .text.xTaskRemoveFromEventList
                0x0000000008003798      0x1b0 ./ThirdParty/FreeRTOS/tasks.o
                0x0000000008003798                xTaskRemoveFromEventList
 .text.vTaskInternalSetTimeOutState
                0x0000000008003948       0x2c ./ThirdParty/FreeRTOS/tasks.o
                0x0000000008003948                vTaskInternalSetTimeOutState
 .text.xTaskCheckForTimeOut
                0x0000000008003974       0xcc ./ThirdParty/FreeRTOS/tasks.o
                0x0000000008003974                xTaskCheckForTimeOut
 .text.vTaskMissedYield
                0x0000000008003a40       0x18 ./ThirdParty/FreeRTOS/tasks.o
                0x0000000008003a40                vTaskMissedYield
 .text.prvIdleTask
                0x0000000008003a58       0x30 ./ThirdParty/FreeRTOS/tasks.o
 .text.prvInitialiseTaskLists
                0x0000000008003a88       0x80 ./ThirdParty/FreeRTOS/tasks.o
 .text.prvCheckTasksWaitingTermination
                0x0000000008003b08       0x5c ./ThirdParty/FreeRTOS/tasks.o
 .text.prvDeleteTCB
                0x0000000008003b64       0x20 ./ThirdParty/FreeRTOS/tasks.o
 .text.prvResetNextTaskUnblockTime
                0x0000000008003b84       0x38 ./ThirdParty/FreeRTOS/tasks.o
 .text.xTaskGetSchedulerState
                0x0000000008003bbc       0x3c ./ThirdParty/FreeRTOS/tasks.o
                0x0000000008003bbc                xTaskGetSchedulerState
 .text.xTaskGenericNotifyWait
                0x0000000008003bf8      0x110 ./ThirdParty/FreeRTOS/tasks.o
                0x0000000008003bf8                xTaskGenericNotifyWait
 .text.xTaskGenericNotifyFromISR
                0x0000000008003d08      0x2dc ./ThirdParty/FreeRTOS/tasks.o
                0x0000000008003d08                xTaskGenericNotifyFromISR
 .text.prvAddCurrentTaskToDelayedList
                0x0000000008003fe4      0x100 ./ThirdParty/FreeRTOS/tasks.o
 .text.xTimerCreateTimerTask
                0x00000000080040e4       0x64 ./ThirdParty/FreeRTOS/timers.o
                0x00000000080040e4                xTimerCreateTimerTask
 .text.prvReloadTimer
                0x0000000008004148       0x42 ./ThirdParty/FreeRTOS/timers.o
 *fill*         0x000000000800418a        0x2 
 .text.prvProcessExpiredTimer
                0x000000000800418c       0x60 ./ThirdParty/FreeRTOS/timers.o
 .text.prvTimerTask
                0x00000000080041ec       0x24 ./ThirdParty/FreeRTOS/timers.o
 .text.prvProcessTimerOrBlockTask
                0x0000000008004210       0x9c ./ThirdParty/FreeRTOS/timers.o
 .text.prvGetNextExpireTime
                0x00000000080042ac       0x48 ./ThirdParty/FreeRTOS/timers.o
 .text.prvSampleTimeNow
                0x00000000080042f4       0x40 ./ThirdParty/FreeRTOS/timers.o
 .text.prvInsertTimerInActiveList
                0x0000000008004334       0x84 ./ThirdParty/FreeRTOS/timers.o
 .text.prvProcessReceivedCommands
                0x00000000080043b8      0x17c ./ThirdParty/FreeRTOS/timers.o
 .text.prvSwitchTimerLists
                0x0000000008004534       0x4c ./ThirdParty/FreeRTOS/timers.o
 .text.prvCheckForValidListAndQueue
                0x0000000008004580       0x6c ./ThirdParty/FreeRTOS/timers.o
 .text.pxPortInitialiseStack
                0x00000000080045ec       0x68 ./ThirdParty/FreeRTOS/portable/GCC/ARM_CM4F/port.o
                0x00000000080045ec                pxPortInitialiseStack
 .text.prvTaskExitError
                0x0000000008004654       0x58 ./ThirdParty/FreeRTOS/portable/GCC/ARM_CM4F/port.o
 *fill*         0x00000000080046ac        0x4 
 .text.SVC_Handler
                0x00000000080046b0       0x28 ./ThirdParty/FreeRTOS/portable/GCC/ARM_CM4F/port.o
                0x00000000080046b0                SVC_Handler
 .text.prvPortStartFirstTask
                0x00000000080046d8       0x2c ./ThirdParty/FreeRTOS/portable/GCC/ARM_CM4F/port.o
 .text.xPortStartScheduler
                0x0000000008004704      0x144 ./ThirdParty/FreeRTOS/portable/GCC/ARM_CM4F/port.o
                0x0000000008004704                xPortStartScheduler
 .text.vPortEnterCritical
                0x0000000008004848       0x60 ./ThirdParty/FreeRTOS/portable/GCC/ARM_CM4F/port.o
                0x0000000008004848                vPortEnterCritical
 .text.vPortExitCritical
                0x00000000080048a8       0x54 ./ThirdParty/FreeRTOS/portable/GCC/ARM_CM4F/port.o
                0x00000000080048a8                vPortExitCritical
 *fill*         0x00000000080048fc        0x4 
 .text.PendSV_Handler
                0x0000000008004900       0x68 ./ThirdParty/FreeRTOS/portable/GCC/ARM_CM4F/port.o
                0x0000000008004900                PendSV_Handler
 .text.SysTick_Handler
                0x0000000008004968       0x54 ./ThirdParty/FreeRTOS/portable/GCC/ARM_CM4F/port.o
                0x0000000008004968                SysTick_Handler
 .text.vPortSetupTimerInterrupt
                0x00000000080049bc       0x48 ./ThirdParty/FreeRTOS/portable/GCC/ARM_CM4F/port.o
                0x00000000080049bc                vPortSetupTimerInterrupt
 .text.vPortEnableVFP
                0x0000000008004a04       0x18 ./ThirdParty/FreeRTOS/portable/GCC/ARM_CM4F/port.o
 .text.vPortValidateInterruptPriority
                0x0000000008004a1c       0x80 ./ThirdParty/FreeRTOS/portable/GCC/ARM_CM4F/port.o
                0x0000000008004a1c                vPortValidateInterruptPriority
 .text.pvPortMalloc
                0x0000000008004a9c      0x174 ./ThirdParty/FreeRTOS/portable/MemMang/heap_4.o
                0x0000000008004a9c                pvPortMalloc
 .text.vPortFree
                0x0000000008004c10       0xb8 ./ThirdParty/FreeRTOS/portable/MemMang/heap_4.o
                0x0000000008004c10                vPortFree
 .text.prvHeapInit
                0x0000000008004cc8       0xb8 ./ThirdParty/FreeRTOS/portable/MemMang/heap_4.o
 .text.prvInsertBlockIntoFreeList
                0x0000000008004d80       0xb4 ./ThirdParty/FreeRTOS/portable/MemMang/heap_4.o
 .text._cbSendSystemDesc
                0x0000000008004e34       0x1c ./ThirdParty/SEGGER/Config/SEGGER_SYSVIEW_Config_FreeRTOS.o
 .text.SEGGER_SYSVIEW_Conf
                0x0000000008004e50       0x2c ./ThirdParty/SEGGER/Config/SEGGER_SYSVIEW_Config_FreeRTOS.o
                0x0000000008004e50                SEGGER_SYSVIEW_Conf
 .text._cbSendTaskList
                0x0000000008004e7c       0x90 ./ThirdParty/SEGGER/OS/SEGGER_SYSVIEW_FreeRTOS.o
 .text._cbGetTime
                0x0000000008004f0c       0x86 ./ThirdParty/SEGGER/OS/SEGGER_SYSVIEW_FreeRTOS.o
 *fill*         0x0000000008004f92        0x2 
 .text.SYSVIEW_AddTask
                0x0000000008004f94       0xd0 ./ThirdParty/SEGGER/OS/SEGGER_SYSVIEW_FreeRTOS.o
                0x0000000008004f94                SYSVIEW_AddTask
 .text.SYSVIEW_DeleteTask
                0x0000000008005064      0x178 ./ThirdParty/SEGGER/OS/SEGGER_SYSVIEW_FreeRTOS.o
                0x0000000008005064                SYSVIEW_DeleteTask
 .text.SYSVIEW_SendTaskInfo
                0x00000000080051dc       0x42 ./ThirdParty/SEGGER/OS/SEGGER_SYSVIEW_FreeRTOS.o
                0x00000000080051dc                SYSVIEW_SendTaskInfo
 *fill*         0x000000000800521e        0x2 
 .text.__NVIC_EnableIRQ
                0x0000000008005220       0x3c ./ThirdParty/SEGGER/Rec/segger_uart.o
 .text.__NVIC_SetPriority
                0x000000000800525c       0x54 ./ThirdParty/SEGGER/Rec/segger_uart.o
 .text._StartSysView
                0x00000000080052b0       0x1e ./ThirdParty/SEGGER/Rec/segger_uart.o
 *fill*         0x00000000080052ce        0x2 
 .text._cbOnUARTRx
                0x00000000080052d0       0x40 ./ThirdParty/SEGGER/Rec/segger_uart.o
 .text._cbOnUARTTx
                0x0000000008005310       0x64 ./ThirdParty/SEGGER/Rec/segger_uart.o
 .text.SEGGER_UART_init
                0x0000000008005374       0x24 ./ThirdParty/SEGGER/Rec/segger_uart.o
                0x0000000008005374                SEGGER_UART_init
 .text.USART2_IRQHandler
                0x0000000008005398       0x94 ./ThirdParty/SEGGER/Rec/segger_uart.o
                0x0000000008005398                USART2_IRQHandler
 .text.HIF_UART_EnableTXEInterrupt
                0x000000000800542c       0x20 ./ThirdParty/SEGGER/Rec/segger_uart.o
                0x000000000800542c                HIF_UART_EnableTXEInterrupt
 .text.HIF_UART_Init
                0x000000000800544c       0xf4 ./ThirdParty/SEGGER/Rec/segger_uart.o
                0x000000000800544c                HIF_UART_Init
 .text._DoInit  0x0000000008005540       0xb4 ./ThirdParty/SEGGER/SEGGER/SEGGER_RTT.o
 .text._WriteBlocking
                0x00000000080055f4       0xba ./ThirdParty/SEGGER/SEGGER/SEGGER_RTT.o
 .text._WriteNoCheck
                0x00000000080056ae       0x90 ./ThirdParty/SEGGER/SEGGER/SEGGER_RTT.o
 .text._GetAvailWriteSpace
                0x000000000800573e       0x46 ./ThirdParty/SEGGER/SEGGER/SEGGER_RTT.o
 .text.SEGGER_RTT_ReadUpBufferNoLock
                0x0000000008005784      0x10c ./ThirdParty/SEGGER/SEGGER/SEGGER_RTT.o
                0x0000000008005784                SEGGER_RTT_ReadUpBufferNoLock
 .text.SEGGER_RTT_ReadNoLock
                0x0000000008005890      0x10c ./ThirdParty/SEGGER/SEGGER/SEGGER_RTT.o
                0x0000000008005890                SEGGER_RTT_ReadNoLock
 .text.SEGGER_RTT_WriteDownBufferNoLock
                0x000000000800599c       0xa0 ./ThirdParty/SEGGER/SEGGER/SEGGER_RTT.o
                0x000000000800599c                SEGGER_RTT_WriteDownBufferNoLock
 .text.SEGGER_RTT_WriteDownBuffer
                0x0000000008005a3c       0x4c ./ThirdParty/SEGGER/SEGGER/SEGGER_RTT.o
                0x0000000008005a3c                SEGGER_RTT_WriteDownBuffer
 .text.SEGGER_RTT_AllocUpBuffer
                0x0000000008005a88      0x108 ./ThirdParty/SEGGER/SEGGER/SEGGER_RTT.o
                0x0000000008005a88                SEGGER_RTT_AllocUpBuffer
 .text.SEGGER_RTT_ConfigDownBuffer
                0x0000000008005b90       0x98 ./ThirdParty/SEGGER/SEGGER/SEGGER_RTT.o
                0x0000000008005b90                SEGGER_RTT_ConfigDownBuffer
 .text._EncodeStr
                0x0000000008005c28       0x60 ./ThirdParty/SEGGER/SEGGER/SEGGER_SYSVIEW.o
 .text._PreparePacket
                0x0000000008005c88       0x18 ./ThirdParty/SEGGER/SEGGER/SEGGER_SYSVIEW.o
 .text._HandleIncomingPacket
                0x0000000008005ca0       0xe0 ./ThirdParty/SEGGER/SEGGER/SEGGER_SYSVIEW.o
 .text._TrySendOverflowPacket
                0x0000000008005d80       0xe8 ./ThirdParty/SEGGER/SEGGER/SEGGER_SYSVIEW.o
 .text._SendPacket
                0x0000000008005e68      0x2e0 ./ThirdParty/SEGGER/SEGGER/SEGGER_SYSVIEW.o
 .text._StoreChar
                0x0000000008006148       0xf6 ./ThirdParty/SEGGER/SEGGER/SEGGER_SYSVIEW.o
 *fill*         0x000000000800623e        0x2 
 .text._PrintUnsigned
                0x0000000008006240      0x12c ./ThirdParty/SEGGER/SEGGER/SEGGER_SYSVIEW.o
 .text._PrintInt
                0x000000000800636c      0x11e ./ThirdParty/SEGGER/SEGGER/SEGGER_SYSVIEW.o
 *fill*         0x000000000800648a        0x2 
 .text._VPrintTarget
                0x000000000800648c      0x440 ./ThirdParty/SEGGER/SEGGER/SEGGER_SYSVIEW.o
 .text.SEGGER_SYSVIEW_Init
                0x00000000080068cc       0x88 ./ThirdParty/SEGGER/SEGGER/SEGGER_SYSVIEW.o
                0x00000000080068cc                SEGGER_SYSVIEW_Init
 .text.SEGGER_SYSVIEW_SetRAMBase
                0x0000000008006954       0x20 ./ThirdParty/SEGGER/SEGGER/SEGGER_SYSVIEW.o
                0x0000000008006954                SEGGER_SYSVIEW_SetRAMBase
 .text.SEGGER_SYSVIEW_RecordVoid
                0x0000000008006974       0x3c ./ThirdParty/SEGGER/SEGGER/SEGGER_SYSVIEW.o
                0x0000000008006974                SEGGER_SYSVIEW_RecordVoid
 .text.SEGGER_SYSVIEW_RecordU32
                0x00000000080069b0       0x78 ./ThirdParty/SEGGER/SEGGER/SEGGER_SYSVIEW.o
                0x00000000080069b0                SEGGER_SYSVIEW_RecordU32
 .text.SEGGER_SYSVIEW_RecordU32x2
                0x0000000008006a28       0xb4 ./ThirdParty/SEGGER/SEGGER/SEGGER_SYSVIEW.o
                0x0000000008006a28                SEGGER_SYSVIEW_RecordU32x2
 .text.SEGGER_SYSVIEW_RecordU32x3
                0x0000000008006adc       0xec ./ThirdParty/SEGGER/SEGGER/SEGGER_SYSVIEW.o
                0x0000000008006adc                SEGGER_SYSVIEW_RecordU32x3
 .text.SEGGER_SYSVIEW_RecordU32x4
                0x0000000008006bc8      0x124 ./ThirdParty/SEGGER/SEGGER/SEGGER_SYSVIEW.o
                0x0000000008006bc8                SEGGER_SYSVIEW_RecordU32x4
 .text.SEGGER_SYSVIEW_RecordU32x5
                0x0000000008006cec      0x15c ./ThirdParty/SEGGER/SEGGER/SEGGER_SYSVIEW.o
                0x0000000008006cec                SEGGER_SYSVIEW_RecordU32x5
 .text.SEGGER_SYSVIEW_Start
                0x0000000008006e48      0x178 ./ThirdParty/SEGGER/SEGGER/SEGGER_SYSVIEW.o
                0x0000000008006e48                SEGGER_SYSVIEW_Start
 .text.SEGGER_SYSVIEW_Stop
                0x0000000008006fc0       0x4c ./ThirdParty/SEGGER/SEGGER/SEGGER_SYSVIEW.o
                0x0000000008006fc0                SEGGER_SYSVIEW_Stop
 .text.SEGGER_SYSVIEW_GetSysDesc
                0x000000000800700c      0x134 ./ThirdParty/SEGGER/SEGGER/SEGGER_SYSVIEW.o
                0x000000000800700c                SEGGER_SYSVIEW_GetSysDesc
 .text.SEGGER_SYSVIEW_SendTaskInfo
                0x0000000008007140      0x1c8 ./ThirdParty/SEGGER/SEGGER/SEGGER_SYSVIEW.o
                0x0000000008007140                SEGGER_SYSVIEW_SendTaskInfo
 .text.SEGGER_SYSVIEW_SendTaskList
                0x0000000008007308       0x28 ./ThirdParty/SEGGER/SEGGER/SEGGER_SYSVIEW.o
                0x0000000008007308                SEGGER_SYSVIEW_SendTaskList
 .text.SEGGER_SYSVIEW_SendSysDesc
                0x0000000008007330       0x48 ./ThirdParty/SEGGER/SEGGER/SEGGER_SYSVIEW.o
                0x0000000008007330                SEGGER_SYSVIEW_SendSysDesc
 .text.SEGGER_SYSVIEW_RecordSystime
                0x0000000008007378       0x64 ./ThirdParty/SEGGER/SEGGER/SEGGER_SYSVIEW.o
                0x0000000008007378                SEGGER_SYSVIEW_RecordSystime
 .text.SEGGER_SYSVIEW_RecordEnterISR
                0x00000000080073dc       0x84 ./ThirdParty/SEGGER/SEGGER/SEGGER_SYSVIEW.o
                0x00000000080073dc                SEGGER_SYSVIEW_RecordEnterISR
 .text.SEGGER_SYSVIEW_RecordExitISR
                0x0000000008007460       0x38 ./ThirdParty/SEGGER/SEGGER/SEGGER_SYSVIEW.o
                0x0000000008007460                SEGGER_SYSVIEW_RecordExitISR
 .text.SEGGER_SYSVIEW_RecordExitISRToScheduler
                0x0000000008007498       0x38 ./ThirdParty/SEGGER/SEGGER/SEGGER_SYSVIEW.o
                0x0000000008007498                SEGGER_SYSVIEW_RecordExitISRToScheduler
 .text.SEGGER_SYSVIEW_OnIdle
                0x00000000080074d0       0x38 ./ThirdParty/SEGGER/SEGGER/SEGGER_SYSVIEW.o
                0x00000000080074d0                SEGGER_SYSVIEW_OnIdle
 .text.SEGGER_SYSVIEW_OnTaskCreate
                0x0000000008007508       0x84 ./ThirdParty/SEGGER/SEGGER/SEGGER_SYSVIEW.o
                0x0000000008007508                SEGGER_SYSVIEW_OnTaskCreate
 .text.SEGGER_SYSVIEW_OnTaskStartExec
                0x000000000800758c       0x84 ./ThirdParty/SEGGER/SEGGER/SEGGER_SYSVIEW.o
                0x000000000800758c                SEGGER_SYSVIEW_OnTaskStartExec
 .text.SEGGER_SYSVIEW_OnTaskStartReady
                0x0000000008007610       0x84 ./ThirdParty/SEGGER/SEGGER/SEGGER_SYSVIEW.o
                0x0000000008007610                SEGGER_SYSVIEW_OnTaskStartReady
 .text.SEGGER_SYSVIEW_ShrinkId
                0x0000000008007694       0x20 ./ThirdParty/SEGGER/SEGGER/SEGGER_SYSVIEW.o
                0x0000000008007694                SEGGER_SYSVIEW_ShrinkId
 .text.SEGGER_SYSVIEW_SendModule
                0x00000000080076b4      0x114 ./ThirdParty/SEGGER/SEGGER/SEGGER_SYSVIEW.o
                0x00000000080076b4                SEGGER_SYSVIEW_SendModule
 .text.SEGGER_SYSVIEW_SendModuleDescription
                0x00000000080077c8       0x3c ./ThirdParty/SEGGER/SEGGER/SEGGER_SYSVIEW.o
                0x00000000080077c8                SEGGER_SYSVIEW_SendModuleDescription
 .text.SEGGER_SYSVIEW_SendNumModules
                0x0000000008007804       0x7c ./ThirdParty/SEGGER/SEGGER/SEGGER_SYSVIEW.o
                0x0000000008007804                SEGGER_SYSVIEW_SendNumModules
 .text.SEGGER_SYSVIEW_PrintfTarget
                0x0000000008007880       0x28 ./ThirdParty/SEGGER/SEGGER/SEGGER_SYSVIEW.o
                0x0000000008007880                SEGGER_SYSVIEW_PrintfTarget
 .text.SEGGER_SYSVIEW_Warn
                0x00000000080078a8       0xb8 ./ThirdParty/SEGGER/SEGGER/SEGGER_SYSVIEW.o
                0x00000000080078a8                SEGGER_SYSVIEW_Warn
 .text.SEGGER_SYSVIEW_IsStarted
                0x0000000008007960       0x5c ./ThirdParty/SEGGER/SEGGER/SEGGER_SYSVIEW.o
                0x0000000008007960                SEGGER_SYSVIEW_IsStarted
 .text.__libc_init_array
                0x00000000080079bc       0x48 c:/st/stm32cubeide_1.12.0/stm32cubeide/plugins/com.st.stm32cube.ide.mcu.externaltools.gnu-tools-for-stm32.10.3-2021.10.win32_1.0.200.202301161003/tools/bin/../lib/gcc/arm-none-eabi/10.3.1/../../../../arm-none-eabi/lib/thumb/v7e-m+fp/hard\libc_nano.a(lib_a-init.o)
                0x00000000080079bc                __libc_init_array
 .text.memcmp   0x0000000008007a04       0x20 c:/st/stm32cubeide_1.12.0/stm32cubeide/plugins/com.st.stm32cube.ide.mcu.externaltools.gnu-tools-for-stm32.10.3-2021.10.win32_1.0.200.202301161003/tools/bin/../lib/gcc/arm-none-eabi/10.3.1/../../../../arm-none-eabi/lib/thumb/v7e-m+fp/hard\libc_nano.a(lib_a-memcmp.o)
                0x0000000008007a04                memcmp
 .text.memcpy   0x0000000008007a24       0x1c c:/st/stm32cubeide_1.12.0/stm32cubeide/plugins/com.st.stm32cube.ide.mcu.externaltools.gnu-tools-for-stm32.10.3-2021.10.win32_1.0.200.202301161003/tools/bin/../lib/gcc/arm-none-eabi/10.3.1/../../../../arm-none-eabi/lib/thumb/v7e-m+fp/hard\libc_nano.a(lib_a-memcpy-stub.o)
                0x0000000008007a24                memcpy
 .text.memset   0x0000000008007a40       0x10 c:/st/stm32cubeide_1.12.0/stm32cubeide/plugins/com.st.stm32cube.ide.mcu.externaltools.gnu-tools-for-stm32.10.3-2021.10.win32_1.0.200.202301161003/tools/bin/../lib/gcc/arm-none-eabi/10.3.1/../../../../arm-none-eabi/lib/thumb/v7e-m+fp/hard\libc_nano.a(lib_a-memset.o)
                0x0000000008007a40                memset
 *(.glue_7)
 .glue_7        0x0000000008007a50        0x0 linker stubs
 *(.glue_7t)
 .glue_7t       0x0000000008007a50        0x0 linker stubs
 *(.eh_frame)
 .eh_frame      0x0000000008007a50        0x0 c:/st/stm32cubeide_1.12.0/stm32cubeide/plugins/com.st.stm32cube.ide.mcu.externaltools.gnu-tools-for-stm32.10.3-2021.10.win32_1.0.200.202301161003/tools/bin/../lib/gcc/arm-none-eabi/10.3.1/thumb/v7e-m+fp/hard/crtbegin.o
 *(.init)
 .init          0x0000000008007a50        0x4 c:/st/stm32cubeide_1.12.0/stm32cubeide/plugins/com.st.stm32cube.ide.mcu.externaltools.gnu-tools-for-stm32.10.3-2021.10.win32_1.0.200.202301161003/tools/bin/../lib/gcc/arm-none-eabi/10.3.1/thumb/v7e-m+fp/hard/crti.o
                0x0000000008007a50                _init
 .init          0x0000000008007a54        0x8 c:/st/stm32cubeide_1.12.0/stm32cubeide/plugins/com.st.stm32cube.ide.mcu.externaltools.gnu-tools-for-stm32.10.3-2021.10.win32_1.0.200.202301161003/tools/bin/../lib/gcc/arm-none-eabi/10.3.1/thumb/v7e-m+fp/hard/crtn.o
 *(.fini)
 .fini          0x0000000008007a5c        0x4 c:/st/stm32cubeide_1.12.0/stm32cubeide/plugins/com.st.stm32cube.ide.mcu.externaltools.gnu-tools-for-stm32.10.3-2021.10.win32_1.0.200.202301161003/tools/bin/../lib/gcc/arm-none-eabi/10.3.1/thumb/v7e-m+fp/hard/crti.o
                0x0000000008007a5c                _fini
 .fini          0x0000000008007a60        0x8 c:/st/stm32cubeide_1.12.0/stm32cubeide/plugins/com.st.stm32cube.ide.mcu.externaltools.gnu-tools-for-stm32.10.3-2021.10.win32_1.0.200.202301161003/tools/bin/../lib/gcc/arm-none-eabi/10.3.1/thumb/v7e-m+fp/hard/crtn.o
                0x0000000008007a68                . = ALIGN (0x4)
                0x0000000008007a68                _etext = .

.vfp11_veneer   0x0000000008007a68        0x0
 .vfp11_veneer  0x0000000008007a68        0x0 linker stubs

.v4_bx          0x0000000008007a68        0x0
 .v4_bx         0x0000000008007a68        0x0 linker stubs

.iplt           0x0000000008007a68        0x0
 .iplt          0x0000000008007a68        0x0 c:/st/stm32cubeide_1.12.0/stm32cubeide/plugins/com.st.stm32cube.ide.mcu.externaltools.gnu-tools-for-stm32.10.3-2021.10.win32_1.0.200.202301161003/tools/bin/../lib/gcc/arm-none-eabi/10.3.1/thumb/v7e-m+fp/hard/crtbegin.o

.rodata         0x0000000008007a68      0x1bc
                0x0000000008007a68                . = ALIGN (0x4)
 *(.rodata)
 .rodata        0x0000000008007a68       0x8a ./Core/Src/main.o
 *fill*         0x0000000008007af2        0x2 
 .rodata        0x0000000008007af4        0x5 ./ThirdParty/FreeRTOS/tasks.o
 *fill*         0x0000000008007af9        0x3 
 .rodata        0x0000000008007afc        0xd ./ThirdParty/FreeRTOS/timers.o
 *fill*         0x0000000008007b09        0x3 
 .rodata        0x0000000008007b0c       0x4d ./ThirdParty/SEGGER/Config/SEGGER_SYSVIEW_Config_FreeRTOS.o
 *fill*         0x0000000008007b59        0x3 
 .rodata        0x0000000008007b5c       0x58 ./ThirdParty/SEGGER/OS/SEGGER_SYSVIEW_FreeRTOS.o
 .rodata        0x0000000008007bb4        0x9 ./ThirdParty/SEGGER/SEGGER/SEGGER_RTT.o
 *fill*         0x0000000008007bbd        0x3 
 .rodata        0x0000000008007bc0       0x10 ./ThirdParty/SEGGER/SEGGER/SEGGER_SYSVIEW.o
 *(.rodata*)
 .rodata.AHBPrescTable
                0x0000000008007bd0       0x10 ./Core/Src/system_stm32f4xx.o
                0x0000000008007bd0                AHBPrescTable
 .rodata.APBPrescTable
                0x0000000008007be0        0x8 ./Core/Src/system_stm32f4xx.o
                0x0000000008007be0                APBPrescTable
 .rodata.SYSVIEW_X_OS_TraceAPI
                0x0000000008007be8        0x8 ./ThirdParty/SEGGER/OS/SEGGER_SYSVIEW_FreeRTOS.o
                0x0000000008007be8                SYSVIEW_X_OS_TraceAPI
 .rodata._abHelloMsg
                0x0000000008007bf0        0x4 ./ThirdParty/SEGGER/Rec/segger_uart.o
 .rodata._aInitStr.0
                0x0000000008007bf4       0x11 ./ThirdParty/SEGGER/SEGGER/SEGGER_RTT.o
 *fill*         0x0000000008007c05        0x3 
 .rodata._abSync
                0x0000000008007c08        0xa ./ThirdParty/SEGGER/SEGGER/SEGGER_SYSVIEW.o
 *fill*         0x0000000008007c12        0x2 
 .rodata._aV2C.0
                0x0000000008007c14       0x10 ./ThirdParty/SEGGER/SEGGER/SEGGER_SYSVIEW.o
                0x0000000008007c24                . = ALIGN (0x4)

.ARM.extab      0x0000000008007c24        0x0
                0x0000000008007c24                . = ALIGN (0x4)
 *(.ARM.extab* .gnu.linkonce.armextab.*)
                0x0000000008007c24                . = ALIGN (0x4)

.ARM            0x0000000008007c24        0x8
                0x0000000008007c24                . = ALIGN (0x4)
                0x0000000008007c24                __exidx_start = .
 *(.ARM.exidx*)
 .ARM.exidx     0x0000000008007c24        0x8 c:/st/stm32cubeide_1.12.0/stm32cubeide/plugins/com.st.stm32cube.ide.mcu.externaltools.gnu-tools-for-stm32.10.3-2021.10.win32_1.0.200.202301161003/tools/bin/../lib/gcc/arm-none-eabi/10.3.1/thumb/v7e-m+fp/hard\libgcc.a(_udivmoddi4.o)
                0x0000000008007c2c                __exidx_end = .
                0x0000000008007c2c                . = ALIGN (0x4)

.rel.dyn        0x0000000008007c2c        0x0
 .rel.iplt      0x0000000008007c2c        0x0 c:/st/stm32cubeide_1.12.0/stm32cubeide/plugins/com.st.stm32cube.ide.mcu.externaltools.gnu-tools-for-stm32.10.3-2021.10.win32_1.0.200.202301161003/tools/bin/../lib/gcc/arm-none-eabi/10.3.1/thumb/v7e-m+fp/hard/crtbegin.o

.preinit_array  0x0000000008007c2c        0x0
                0x0000000008007c2c                . = ALIGN (0x4)
                0x0000000008007c2c                PROVIDE (__preinit_array_start = .)
 *(.preinit_array*)
                0x0000000008007c2c                PROVIDE (__preinit_array_end = .)
                0x0000000008007c2c                . = ALIGN (0x4)

.init_array     0x0000000008007c2c        0x4
                0x0000000008007c2c                . = ALIGN (0x4)
                0x0000000008007c2c                PROVIDE (__init_array_start = .)
 *(SORT_BY_NAME(.init_array.*))
 *(.init_array*)
 .init_array    0x0000000008007c2c        0x4 c:/st/stm32cubeide_1.12.0/stm32cubeide/plugins/com.st.stm32cube.ide.mcu.externaltools.gnu-tools-for-stm32.10.3-2021.10.win32_1.0.200.202301161003/tools/bin/../lib/gcc/arm-none-eabi/10.3.1/thumb/v7e-m+fp/hard/crtbegin.o
                0x0000000008007c30                PROVIDE (__init_array_end = .)
                0x0000000008007c30                . = ALIGN (0x4)

.fini_array     0x0000000008007c30        0x4
                0x0000000008007c30                . = ALIGN (0x4)
                [!provide]                        PROVIDE (__fini_array_start = .)
 *(SORT_BY_NAME(.fini_array.*))
 *(.fini_array*)
 .fini_array    0x0000000008007c30        0x4 c:/st/stm32cubeide_1.12.0/stm32cubeide/plugins/com.st.stm32cube.ide.mcu.externaltools.gnu-tools-for-stm32.10.3-2021.10.win32_1.0.200.202301161003/tools/bin/../lib/gcc/arm-none-eabi/10.3.1/thumb/v7e-m+fp/hard/crtbegin.o
                [!provide]                        PROVIDE (__fini_array_end = .)
                0x0000000008007c34                . = ALIGN (0x4)
                0x0000000008007c34                _sidata = LOADADDR (.data)

.data           0x0000000020000000       0x1c load address 0x0000000008007c34
                0x0000000020000000                . = ALIGN (0x4)
                0x0000000020000000                _sdata = .
 *(.data)
 *(.data*)
 .data.SystemCoreClock
                0x0000000020000000        0x4 ./Core/Src/system_stm32f4xx.o
                0x0000000020000000                SystemCoreClock
 .data.uwTickPrio
                0x0000000020000004        0x4 ./Drivers/STM32F4xx_HAL_Driver/Src/stm32f4xx_hal.o
                0x0000000020000004                uwTickPrio
 .data.uwTickFreq
                0x0000000020000008        0x1 ./Drivers/STM32F4xx_HAL_Driver/Src/stm32f4xx_hal.o
                0x0000000020000008                uwTickFreq
 *fill*         0x0000000020000009        0x3 
 .data.uxTopUsedPriority
                0x000000002000000c        0x4 ./ThirdParty/FreeRTOS/tasks.o
                0x000000002000000c                uxTopUsedPriority
 .data.uxCriticalNesting
                0x0000000020000010        0x4 ./ThirdParty/FreeRTOS/portable/GCC/ARM_CM4F/port.o
 .data._SVInfo  0x0000000020000014        0x8 ./ThirdParty/SEGGER/Rec/segger_uart.o
 *(.RamFunc)
 *(.RamFunc*)
                0x000000002000001c                . = ALIGN (0x4)
                0x000000002000001c                _edata = .

.igot.plt       0x000000002000001c        0x0 load address 0x0000000008007c50
 .igot.plt      0x000000002000001c        0x0 c:/st/stm32cubeide_1.12.0/stm32cubeide/plugins/com.st.stm32cube.ide.mcu.externaltools.gnu-tools-for-stm32.10.3-2021.10.win32_1.0.200.202301161003/tools/bin/../lib/gcc/arm-none-eabi/10.3.1/thumb/v7e-m+fp/hard/crtbegin.o
                0x000000002000001c                . = ALIGN (0x4)

.bss            0x000000002000001c    0x144a0 load address 0x0000000008007c50
                0x000000002000001c                _sbss = .
                0x000000002000001c                __bss_start__ = _sbss
 *(.bss)
 .bss           0x000000002000001c       0x1c c:/st/stm32cubeide_1.12.0/stm32cubeide/plugins/com.st.stm32cube.ide.mcu.externaltools.gnu-tools-for-stm32.10.3-2021.10.win32_1.0.200.202301161003/tools/bin/../lib/gcc/arm-none-eabi/10.3.1/thumb/v7e-m+fp/hard/crtbegin.o
 *(.bss*)
 .bss.Task1Handle
                0x0000000020000038        0x4 ./Core/Src/main.o
 .bss.Task2Handle
                0x000000002000003c        0x4 ./Core/Src/main.o
 .bss.Task3Handle
                0x0000000020000040        0x4 ./Core/Src/main.o
 .bss.NextTaskHandle
                0x0000000020000044        0x4 ./Core/Src/main.o
 .bss.Local_Statue
                0x0000000020000048        0x4 ./Core/Src/main.o
                0x0000000020000048                Local_Statue
 .bss.htim6     0x000000002000004c       0x48 ./Core/Src/stm32f4xx_hal_timebase_tim.o
                0x000000002000004c                htim6
 .bss.uwTick    0x0000000020000094        0x4 ./Drivers/STM32F4xx_HAL_Driver/Src/stm32f4xx_hal.o
                0x0000000020000094                uwTick
 .bss.xQueueRegistry
                0x0000000020000098       0x40 ./ThirdParty/FreeRTOS/queue.o
                0x0000000020000098                xQueueRegistry
 .bss.pxCurrentTCB
                0x00000000200000d8        0x4 ./ThirdParty/FreeRTOS/tasks.o
                0x00000000200000d8                pxCurrentTCB
 .bss.pxReadyTasksLists
                0x00000000200000dc       0x64 ./ThirdParty/FreeRTOS/tasks.o
 .bss.xDelayedTaskList1
                0x0000000020000140       0x14 ./ThirdParty/FreeRTOS/tasks.o
 .bss.xDelayedTaskList2
                0x0000000020000154       0x14 ./ThirdParty/FreeRTOS/tasks.o
 .bss.pxDelayedTaskList
                0x0000000020000168        0x4 ./ThirdParty/FreeRTOS/tasks.o
 .bss.pxOverflowDelayedTaskList
                0x000000002000016c        0x4 ./ThirdParty/FreeRTOS/tasks.o
 .bss.xPendingReadyList
                0x0000000020000170       0x14 ./ThirdParty/FreeRTOS/tasks.o
 .bss.xTasksWaitingTermination
                0x0000000020000184       0x14 ./ThirdParty/FreeRTOS/tasks.o
 .bss.uxDeletedTasksWaitingCleanUp
                0x0000000020000198        0x4 ./ThirdParty/FreeRTOS/tasks.o
 .bss.xSuspendedTaskList
                0x000000002000019c       0x14 ./ThirdParty/FreeRTOS/tasks.o
 .bss.uxCurrentNumberOfTasks
                0x00000000200001b0        0x4 ./ThirdParty/FreeRTOS/tasks.o
 .bss.xTickCount
                0x00000000200001b4        0x4 ./ThirdParty/FreeRTOS/tasks.o
 .bss.uxTopReadyPriority
                0x00000000200001b8        0x4 ./ThirdParty/FreeRTOS/tasks.o
 .bss.xSchedulerRunning
                0x00000000200001bc        0x4 ./ThirdParty/FreeRTOS/tasks.o
 .bss.xPendedTicks
                0x00000000200001c0        0x4 ./ThirdParty/FreeRTOS/tasks.o
 .bss.xYieldPending
                0x00000000200001c4        0x4 ./ThirdParty/FreeRTOS/tasks.o
 .bss.xNumOfOverflows
                0x00000000200001c8        0x4 ./ThirdParty/FreeRTOS/tasks.o
 .bss.uxTaskNumber
                0x00000000200001cc        0x4 ./ThirdParty/FreeRTOS/tasks.o
 .bss.xNextTaskUnblockTime
                0x00000000200001d0        0x4 ./ThirdParty/FreeRTOS/tasks.o
 .bss.xIdleTaskHandle
                0x00000000200001d4        0x4 ./ThirdParty/FreeRTOS/tasks.o
 .bss.uxSchedulerSuspended
                0x00000000200001d8        0x4 ./ThirdParty/FreeRTOS/tasks.o
 .bss.xActiveTimerList1
                0x00000000200001dc       0x14 ./ThirdParty/FreeRTOS/timers.o
 .bss.xActiveTimerList2
                0x00000000200001f0       0x14 ./ThirdParty/FreeRTOS/timers.o
 .bss.pxCurrentTimerList
                0x0000000020000204        0x4 ./ThirdParty/FreeRTOS/timers.o
 .bss.pxOverflowTimerList
                0x0000000020000208        0x4 ./ThirdParty/FreeRTOS/timers.o
 .bss.xTimerQueue
                0x000000002000020c        0x4 ./ThirdParty/FreeRTOS/timers.o
 .bss.xTimerTaskHandle
                0x0000000020000210        0x4 ./ThirdParty/FreeRTOS/timers.o
 .bss.xLastTime.0
                0x0000000020000214        0x4 ./ThirdParty/FreeRTOS/timers.o
 .bss.ucMaxSysCallPriority
                0x0000000020000218        0x1 ./ThirdParty/FreeRTOS/portable/GCC/ARM_CM4F/port.o
 *fill*         0x0000000020000219        0x3 
 .bss.ulMaxPRIGROUPValue
                0x000000002000021c        0x4 ./ThirdParty/FreeRTOS/portable/GCC/ARM_CM4F/port.o
 .bss.ucHeap    0x0000000020000220    0x12c00 ./ThirdParty/FreeRTOS/portable/MemMang/heap_4.o
 .bss.xStart    0x0000000020012e20        0x8 ./ThirdParty/FreeRTOS/portable/MemMang/heap_4.o
 .bss.pxEnd     0x0000000020012e28        0x4 ./ThirdParty/FreeRTOS/portable/MemMang/heap_4.o
 .bss.xFreeBytesRemaining
                0x0000000020012e2c        0x4 ./ThirdParty/FreeRTOS/portable/MemMang/heap_4.o
 .bss.xMinimumEverFreeBytesRemaining
                0x0000000020012e30        0x4 ./ThirdParty/FreeRTOS/portable/MemMang/heap_4.o
 .bss.xNumberOfSuccessfulAllocations
                0x0000000020012e34        0x4 ./ThirdParty/FreeRTOS/portable/MemMang/heap_4.o
 .bss.xNumberOfSuccessfulFrees
                0x0000000020012e38        0x4 ./ThirdParty/FreeRTOS/portable/MemMang/heap_4.o
 .bss._aTasks   0x0000000020012e3c       0xa0 ./ThirdParty/SEGGER/OS/SEGGER_SYSVIEW_FreeRTOS.o
 .bss._NumTasks
                0x0000000020012edc        0x4 ./ThirdParty/SEGGER/OS/SEGGER_SYSVIEW_FreeRTOS.o
 .bss._cbOnRx   0x0000000020012ee0        0x4 ./ThirdParty/SEGGER/Rec/segger_uart.o
 .bss._cbOnTx   0x0000000020012ee4        0x4 ./ThirdParty/SEGGER/Rec/segger_uart.o
 .bss._SEGGER_RTT
                0x0000000020012ee8       0xa8 ./ThirdParty/SEGGER/SEGGER/SEGGER_RTT.o
                0x0000000020012ee8                _SEGGER_RTT
 .bss._acUpBuffer
                0x0000000020012f90      0x400 ./ThirdParty/SEGGER/SEGGER/SEGGER_RTT.o
 .bss._acDownBuffer
                0x0000000020013390       0x10 ./ThirdParty/SEGGER/SEGGER/SEGGER_RTT.o
 .bss._UpBuffer
                0x00000000200133a0     0x1000 ./ThirdParty/SEGGER/SEGGER/SEGGER_SYSVIEW.o
 .bss._DownBuffer
                0x00000000200143a0        0x8 ./ThirdParty/SEGGER/SEGGER/SEGGER_SYSVIEW.o
 .bss._SYSVIEW_Globals
                0x00000000200143a8       0x28 ./ThirdParty/SEGGER/SEGGER/SEGGER_SYSVIEW.o
 .bss._pFirstModule
                0x00000000200143d0        0x4 ./ThirdParty/SEGGER/SEGGER/SEGGER_SYSVIEW.o
 .bss._NumModules
                0x00000000200143d4        0x1 ./ThirdParty/SEGGER/SEGGER/SEGGER_SYSVIEW.o
 *fill*         0x00000000200143d5        0x3 
 .bss._aPacket  0x00000000200143d8       0xe3 ./ThirdParty/SEGGER/SEGGER/SEGGER_SYSVIEW.o
 *(COMMON)
                0x00000000200144bc                . = ALIGN (0x4)
 *fill*         0x00000000200144bb        0x1 
                0x00000000200144bc                _ebss = .
                0x00000000200144bc                __bss_end__ = _ebss

._user_heap_stack
                0x00000000200144bc      0x604 load address 0x0000000008007c50
                0x00000000200144c0                . = ALIGN (0x8)
 *fill*         0x00000000200144bc        0x4 
                [!provide]                        PROVIDE (end = .)
                [!provide]                        PROVIDE (_end = .)
                0x00000000200146c0                . = (. + _Min_Heap_Size)
 *fill*         0x00000000200144c0      0x200 
                0x0000000020014ac0                . = (. + _Min_Stack_Size)
 *fill*         0x00000000200146c0      0x400 
                0x0000000020014ac0                . = ALIGN (0x8)

/DISCARD/
 libc.a(*)
 libm.a(*)
 libgcc.a(*)

.ARM.attributes
                0x0000000000000000       0x30
 *(.ARM.attributes)
 .ARM.attributes
                0x0000000000000000       0x1e c:/st/stm32cubeide_1.12.0/stm32cubeide/plugins/com.st.stm32cube.ide.mcu.externaltools.gnu-tools-for-stm32.10.3-2021.10.win32_1.0.200.202301161003/tools/bin/../lib/gcc/arm-none-eabi/10.3.1/thumb/v7e-m+fp/hard/crti.o
 .ARM.attributes
                0x000000000000001e       0x34 c:/st/stm32cubeide_1.12.0/stm32cubeide/plugins/com.st.stm32cube.ide.mcu.externaltools.gnu-tools-for-stm32.10.3-2021.10.win32_1.0.200.202301161003/tools/bin/../lib/gcc/arm-none-eabi/10.3.1/thumb/v7e-m+fp/hard/crtbegin.o
 .ARM.attributes
                0x0000000000000052       0x34 ./Core/Src/main.o
 .ARM.attributes
                0x0000000000000086       0x34 ./Core/Src/stm32f4xx_hal_msp.o
 .ARM.attributes
                0x00000000000000ba       0x34 ./Core/Src/stm32f4xx_hal_timebase_tim.o
 .ARM.attributes
                0x00000000000000ee       0x34 ./Core/Src/stm32f4xx_it.o
 .ARM.attributes
                0x0000000000000122       0x34 ./Core/Src/system_stm32f4xx.o
 .ARM.attributes
                0x0000000000000156       0x21 ./Core/Startup/startup_stm32f446retx.o
 .ARM.attributes
                0x0000000000000177       0x34 ./Drivers/STM32F4xx_HAL_Driver/Src/stm32f4xx_hal.o
 .ARM.attributes
                0x00000000000001ab       0x34 ./Drivers/STM32F4xx_HAL_Driver/Src/stm32f4xx_hal_cortex.o
 .ARM.attributes
                0x00000000000001df       0x34 ./Drivers/STM32F4xx_HAL_Driver/Src/stm32f4xx_hal_gpio.o
 .ARM.attributes
                0x0000000000000213       0x34 ./Drivers/STM32F4xx_HAL_Driver/Src/stm32f4xx_hal_rcc.o
 .ARM.attributes
                0x0000000000000247       0x34 ./Drivers/STM32F4xx_HAL_Driver/Src/stm32f4xx_hal_rcc_ex.o
 .ARM.attributes
                0x000000000000027b       0x34 ./Drivers/STM32F4xx_HAL_Driver/Src/stm32f4xx_hal_tim.o
 .ARM.attributes
                0x00000000000002af       0x34 ./Drivers/STM32F4xx_HAL_Driver/Src/stm32f4xx_hal_tim_ex.o
 .ARM.attributes
                0x00000000000002e3       0x34 ./ThirdParty/FreeRTOS/list.o
 .ARM.attributes
                0x0000000000000317       0x34 ./ThirdParty/FreeRTOS/queue.o
 .ARM.attributes
                0x000000000000034b       0x34 ./ThirdParty/FreeRTOS/tasks.o
 .ARM.attributes
                0x000000000000037f       0x34 ./ThirdParty/FreeRTOS/timers.o
 .ARM.attributes
                0x00000000000003b3       0x34 ./ThirdParty/FreeRTOS/portable/GCC/ARM_CM4F/port.o
 .ARM.attributes
                0x00000000000003e7       0x34 ./ThirdParty/FreeRTOS/portable/MemMang/heap_4.o
 .ARM.attributes
                0x000000000000041b       0x34 ./ThirdParty/SEGGER/Config/SEGGER_SYSVIEW_Config_FreeRTOS.o
 .ARM.attributes
                0x000000000000044f       0x34 ./ThirdParty/SEGGER/OS/SEGGER_SYSVIEW_FreeRTOS.o
 .ARM.attributes
                0x0000000000000483       0x34 ./ThirdParty/SEGGER/Rec/segger_uart.o
 .ARM.attributes
                0x00000000000004b7       0x34 ./ThirdParty/SEGGER/SEGGER/SEGGER_RTT.o
 .ARM.attributes
                0x00000000000004eb       0x20 ./ThirdParty/SEGGER/SEGGER/SEGGER_RTT_ASM_ARMv7M.o
 .ARM.attributes
                0x000000000000050b       0x34 ./ThirdParty/SEGGER/SEGGER/SEGGER_SYSVIEW.o
 .ARM.attributes
                0x000000000000053f       0x34 c:/st/stm32cubeide_1.12.0/stm32cubeide/plugins/com.st.stm32cube.ide.mcu.externaltools.gnu-tools-for-stm32.10.3-2021.10.win32_1.0.200.202301161003/tools/bin/../lib/gcc/arm-none-eabi/10.3.1/../../../../arm-none-eabi/lib/thumb/v7e-m+fp/hard\libc_nano.a(lib_a-init.o)
 .ARM.attributes
                0x0000000000000573       0x34 c:/st/stm32cubeide_1.12.0/stm32cubeide/plugins/com.st.stm32cube.ide.mcu.externaltools.gnu-tools-for-stm32.10.3-2021.10.win32_1.0.200.202301161003/tools/bin/../lib/gcc/arm-none-eabi/10.3.1/../../../../arm-none-eabi/lib/thumb/v7e-m+fp/hard\libc_nano.a(lib_a-memcmp.o)
 .ARM.attributes
                0x00000000000005a7       0x34 c:/st/stm32cubeide_1.12.0/stm32cubeide/plugins/com.st.stm32cube.ide.mcu.externaltools.gnu-tools-for-stm32.10.3-2021.10.win32_1.0.200.202301161003/tools/bin/../lib/gcc/arm-none-eabi/10.3.1/../../../../arm-none-eabi/lib/thumb/v7e-m+fp/hard\libc_nano.a(lib_a-memcpy-stub.o)
 .ARM.attributes
                0x00000000000005db       0x34 c:/st/stm32cubeide_1.12.0/stm32cubeide/plugins/com.st.stm32cube.ide.mcu.externaltools.gnu-tools-for-stm32.10.3-2021.10.win32_1.0.200.202301161003/tools/bin/../lib/gcc/arm-none-eabi/10.3.1/../../../../arm-none-eabi/lib/thumb/v7e-m+fp/hard\libc_nano.a(lib_a-memset.o)
 .ARM.attributes
                0x000000000000060f       0x1e c:/st/stm32cubeide_1.12.0/stm32cubeide/plugins/com.st.stm32cube.ide.mcu.externaltools.gnu-tools-for-stm32.10.3-2021.10.win32_1.0.200.202301161003/tools/bin/../lib/gcc/arm-none-eabi/10.3.1/thumb/v7e-m+fp/hard\libgcc.a(_aeabi_uldivmod.o)
 .ARM.attributes
                0x000000000000062d       0x34 c:/st/stm32cubeide_1.12.0/stm32cubeide/plugins/com.st.stm32cube.ide.mcu.externaltools.gnu-tools-for-stm32.10.3-2021.10.win32_1.0.200.202301161003/tools/bin/../lib/gcc/arm-none-eabi/10.3.1/thumb/v7e-m+fp/hard\libgcc.a(_udivmoddi4.o)
 .ARM.attributes
                0x0000000000000661       0x1e c:/st/stm32cubeide_1.12.0/stm32cubeide/plugins/com.st.stm32cube.ide.mcu.externaltools.gnu-tools-for-stm32.10.3-2021.10.win32_1.0.200.202301161003/tools/bin/../lib/gcc/arm-none-eabi/10.3.1/thumb/v7e-m+fp/hard\libgcc.a(_dvmd_tls.o)
 .ARM.attributes
                0x000000000000067f       0x1e c:/st/stm32cubeide_1.12.0/stm32cubeide/plugins/com.st.stm32cube.ide.mcu.externaltools.gnu-tools-for-stm32.10.3-2021.10.win32_1.0.200.202301161003/tools/bin/../lib/gcc/arm-none-eabi/10.3.1/thumb/v7e-m+fp/hard/crtn.o
OUTPUT(FreeRTOS_Tasks.elf elf32-littlearm)
LOAD linker stubs
LOAD c:/st/stm32cubeide_1.12.0/stm32cubeide/plugins/com.st.stm32cube.ide.mcu.externaltools.gnu-tools-for-stm32.10.3-2021.10.win32_1.0.200.202301161003/tools/bin/../lib/gcc/arm-none-eabi/10.3.1/../../../../arm-none-eabi/lib/thumb/v7e-m+fp/hard\libc.a
LOAD c:/st/stm32cubeide_1.12.0/stm32cubeide/plugins/com.st.stm32cube.ide.mcu.externaltools.gnu-tools-for-stm32.10.3-2021.10.win32_1.0.200.202301161003/tools/bin/../lib/gcc/arm-none-eabi/10.3.1/../../../../arm-none-eabi/lib/thumb/v7e-m+fp/hard\libm.a
LOAD c:/st/stm32cubeide_1.12.0/stm32cubeide/plugins/com.st.stm32cube.ide.mcu.externaltools.gnu-tools-for-stm32.10.3-2021.10.win32_1.0.200.202301161003/tools/bin/../lib/gcc/arm-none-eabi/10.3.1/thumb/v7e-m+fp/hard\libgcc.a

.debug_info     0x0000000000000000    0x16781
 .debug_info    0x0000000000000000     0x136f ./Core/Src/main.o
 .debug_info    0x000000000000136f      0x2e7 ./Core/Src/stm32f4xx_hal_msp.o
 .debug_info    0x0000000000001656      0xca1 ./Core/Src/stm32f4xx_hal_timebase_tim.o
 .debug_info    0x00000000000022f7      0x759 ./Core/Src/stm32f4xx_it.o
 .debug_info    0x0000000000002a50      0x55b ./Core/Src/system_stm32f4xx.o
 .debug_info    0x0000000000002fab       0x22 ./Core/Startup/startup_stm32f446retx.o
 .debug_info    0x0000000000002fcd      0x9d2 ./Drivers/STM32F4xx_HAL_Driver/Src/stm32f4xx_hal.o
 .debug_info    0x000000000000399f      0xe39 ./Drivers/STM32F4xx_HAL_Driver/Src/stm32f4xx_hal_cortex.o
 .debug_info    0x00000000000047d8      0x7be ./Drivers/STM32F4xx_HAL_Driver/Src/stm32f4xx_hal_gpio.o
 .debug_info    0x0000000000004f96      0x9ab ./Drivers/STM32F4xx_HAL_Driver/Src/stm32f4xx_hal_rcc.o
 .debug_info    0x0000000000005941      0x9ec ./Drivers/STM32F4xx_HAL_Driver/Src/stm32f4xx_hal_rcc_ex.o
 .debug_info    0x000000000000632d     0x2bbe ./Drivers/STM32F4xx_HAL_Driver/Src/stm32f4xx_hal_tim.o
 .debug_info    0x0000000000008eeb     0x15e0 ./Drivers/STM32F4xx_HAL_Driver/Src/stm32f4xx_hal_tim_ex.o
 .debug_info    0x000000000000a4cb      0x2d1 ./ThirdParty/FreeRTOS/list.o
 .debug_info    0x000000000000a79c     0x1a03 ./ThirdParty/FreeRTOS/queue.o
 .debug_info    0x000000000000c19f     0x279e ./ThirdParty/FreeRTOS/tasks.o
 .debug_info    0x000000000000e93d      0xeaf ./ThirdParty/FreeRTOS/timers.o
 .debug_info    0x000000000000f7ec      0x5ca ./ThirdParty/FreeRTOS/portable/GCC/ARM_CM4F/port.o
 .debug_info    0x000000000000fdb6      0x558 ./ThirdParty/FreeRTOS/portable/MemMang/heap_4.o
 .debug_info    0x000000000001030e      0x182 ./ThirdParty/SEGGER/Config/SEGGER_SYSVIEW_Config_FreeRTOS.o
 .debug_info    0x0000000000010490      0x43e ./ThirdParty/SEGGER/OS/SEGGER_SYSVIEW_FreeRTOS.o
 .debug_info    0x00000000000108ce      0x93b ./ThirdParty/SEGGER/Rec/segger_uart.o
 .debug_info    0x0000000000011209     0x1601 ./ThirdParty/SEGGER/SEGGER/SEGGER_RTT.o
 .debug_info    0x000000000001280a       0x26 ./ThirdParty/SEGGER/SEGGER/SEGGER_RTT_ASM_ARMv7M.o
 .debug_info    0x0000000000012830     0x3f51 ./ThirdParty/SEGGER/SEGGER/SEGGER_SYSVIEW.o

.debug_abbrev   0x0000000000000000     0x32ab
 .debug_abbrev  0x0000000000000000      0x33d ./Core/Src/main.o
 .debug_abbrev  0x000000000000033d       0xd4 ./Core/Src/stm32f4xx_hal_msp.o
 .debug_abbrev  0x0000000000000411      0x1e6 ./Core/Src/stm32f4xx_hal_timebase_tim.o
 .debug_abbrev  0x00000000000005f7      0x1cf ./Core/Src/stm32f4xx_it.o
 .debug_abbrev  0x00000000000007c6      0x116 ./Core/Src/system_stm32f4xx.o
 .debug_abbrev  0x00000000000008dc       0x12 ./Core/Startup/startup_stm32f446retx.o
 .debug_abbrev  0x00000000000008ee      0x20d ./Drivers/STM32F4xx_HAL_Driver/Src/stm32f4xx_hal.o
 .debug_abbrev  0x0000000000000afb      0x316 ./Drivers/STM32F4xx_HAL_Driver/Src/stm32f4xx_hal_cortex.o
 .debug_abbrev  0x0000000000000e11      0x1c4 ./Drivers/STM32F4xx_HAL_Driver/Src/stm32f4xx_hal_gpio.o
 .debug_abbrev  0x0000000000000fd5      0x2aa ./Drivers/STM32F4xx_HAL_Driver/Src/stm32f4xx_hal_rcc.o
 .debug_abbrev  0x000000000000127f      0x1fb ./Drivers/STM32F4xx_HAL_Driver/Src/stm32f4xx_hal_rcc_ex.o
 .debug_abbrev  0x000000000000147a      0x25d ./Drivers/STM32F4xx_HAL_Driver/Src/stm32f4xx_hal_tim.o
 .debug_abbrev  0x00000000000016d7      0x265 ./Drivers/STM32F4xx_HAL_Driver/Src/stm32f4xx_hal_tim_ex.o
 .debug_abbrev  0x000000000000193c       0xf2 ./ThirdParty/FreeRTOS/list.o
 .debug_abbrev  0x0000000000001a2e      0x312 ./ThirdParty/FreeRTOS/queue.o
 .debug_abbrev  0x0000000000001d40      0x3c0 ./ThirdParty/FreeRTOS/tasks.o
 .debug_abbrev  0x0000000000002100      0x2c5 ./ThirdParty/FreeRTOS/timers.o
 .debug_abbrev  0x00000000000023c5      0x259 ./ThirdParty/FreeRTOS/portable/GCC/ARM_CM4F/port.o
 .debug_abbrev  0x000000000000261e      0x24e ./ThirdParty/FreeRTOS/portable/MemMang/heap_4.o
 .debug_abbrev  0x000000000000286c       0xf2 ./ThirdParty/SEGGER/Config/SEGGER_SYSVIEW_Config_FreeRTOS.o
 .debug_abbrev  0x000000000000295e      0x189 ./ThirdParty/SEGGER/OS/SEGGER_SYSVIEW_FreeRTOS.o
 .debug_abbrev  0x0000000000002ae7      0x27b ./ThirdParty/SEGGER/Rec/segger_uart.o
 .debug_abbrev  0x0000000000002d62      0x216 ./ThirdParty/SEGGER/SEGGER/SEGGER_RTT.o
 .debug_abbrev  0x0000000000002f78       0x14 ./ThirdParty/SEGGER/SEGGER/SEGGER_RTT_ASM_ARMv7M.o
 .debug_abbrev  0x0000000000002f8c      0x31f ./ThirdParty/SEGGER/SEGGER/SEGGER_SYSVIEW.o

.debug_aranges  0x0000000000000000     0x1440
 .debug_aranges
                0x0000000000000000       0x60 ./Core/Src/main.o
 .debug_aranges
                0x0000000000000060       0x20 ./Core/Src/stm32f4xx_hal_msp.o
 .debug_aranges
                0x0000000000000080       0x30 ./Core/Src/stm32f4xx_hal_timebase_tim.o
 .debug_aranges
                0x00000000000000b0       0x58 ./Core/Src/stm32f4xx_it.o
 .debug_aranges
                0x0000000000000108       0x28 ./Core/Src/system_stm32f4xx.o
 .debug_aranges
                0x0000000000000130       0x28 ./Core/Startup/startup_stm32f446retx.o
 .debug_aranges
                0x0000000000000158       0xf0 ./Drivers/STM32F4xx_HAL_Driver/Src/stm32f4xx_hal.o
 .debug_aranges
                0x0000000000000248      0x118 ./Drivers/STM32F4xx_HAL_Driver/Src/stm32f4xx_hal_cortex.o
 .debug_aranges
                0x0000000000000360       0x58 ./Drivers/STM32F4xx_HAL_Driver/Src/stm32f4xx_hal_gpio.o
 .debug_aranges
                0x00000000000003b8       0x88 ./Drivers/STM32F4xx_HAL_Driver/Src/stm32f4xx_hal_rcc.o
 .debug_aranges
                0x0000000000000440       0x78 ./Drivers/STM32F4xx_HAL_Driver/Src/stm32f4xx_hal_rcc_ex.o
 .debug_aranges
                0x00000000000004b8      0x3d0 ./Drivers/STM32F4xx_HAL_Driver/Src/stm32f4xx_hal_tim.o
 .debug_aranges
                0x0000000000000888      0x168 ./Drivers/STM32F4xx_HAL_Driver/Src/stm32f4xx_hal_tim_ex.o
 .debug_aranges
                0x00000000000009f0       0x40 ./ThirdParty/FreeRTOS/list.o
 .debug_aranges
                0x0000000000000a30      0x130 ./ThirdParty/FreeRTOS/queue.o
 .debug_aranges
                0x0000000000000b60      0x200 ./ThirdParty/FreeRTOS/tasks.o
 .debug_aranges
                0x0000000000000d60       0xe8 ./ThirdParty/FreeRTOS/timers.o
 .debug_aranges
                0x0000000000000e48       0x88 ./ThirdParty/FreeRTOS/portable/GCC/ARM_CM4F/port.o
 .debug_aranges
                0x0000000000000ed0       0x60 ./ThirdParty/FreeRTOS/portable/MemMang/heap_4.o
 .debug_aranges
                0x0000000000000f30       0x28 ./ThirdParty/SEGGER/Config/SEGGER_SYSVIEW_Config_FreeRTOS.o
 .debug_aranges
                0x0000000000000f58       0x48 ./ThirdParty/SEGGER/OS/SEGGER_SYSVIEW_FreeRTOS.o
 .debug_aranges
                0x0000000000000fa0       0x68 ./ThirdParty/SEGGER/Rec/segger_uart.o
 .debug_aranges
                0x0000000000001008      0x138 ./ThirdParty/SEGGER/SEGGER/SEGGER_RTT.o
 .debug_aranges
                0x0000000000001140       0x20 ./ThirdParty/SEGGER/SEGGER/SEGGER_RTT_ASM_ARMv7M.o
 .debug_aranges
                0x0000000000001160      0x2e0 ./ThirdParty/SEGGER/SEGGER/SEGGER_SYSVIEW.o

.debug_ranges   0x0000000000000000     0x12a8
 .debug_ranges  0x0000000000000000       0x50 ./Core/Src/main.o
 .debug_ranges  0x0000000000000050       0x10 ./Core/Src/stm32f4xx_hal_msp.o
 .debug_ranges  0x0000000000000060       0x20 ./Core/Src/stm32f4xx_hal_timebase_tim.o
 .debug_ranges  0x0000000000000080       0x48 ./Core/Src/stm32f4xx_it.o
 .debug_ranges  0x00000000000000c8       0x18 ./Core/Src/system_stm32f4xx.o
 .debug_ranges  0x00000000000000e0       0x20 ./Core/Startup/startup_stm32f446retx.o
 .debug_ranges  0x0000000000000100       0xe0 ./Drivers/STM32F4xx_HAL_Driver/Src/stm32f4xx_hal.o
 .debug_ranges  0x00000000000001e0      0x108 ./Drivers/STM32F4xx_HAL_Driver/Src/stm32f4xx_hal_cortex.o
 .debug_ranges  0x00000000000002e8       0x48 ./Drivers/STM32F4xx_HAL_Driver/Src/stm32f4xx_hal_gpio.o
 .debug_ranges  0x0000000000000330       0x78 ./Drivers/STM32F4xx_HAL_Driver/Src/stm32f4xx_hal_rcc.o
 .debug_ranges  0x00000000000003a8       0x68 ./Drivers/STM32F4xx_HAL_Driver/Src/stm32f4xx_hal_rcc_ex.o
 .debug_ranges  0x0000000000000410      0x3c0 ./Drivers/STM32F4xx_HAL_Driver/Src/stm32f4xx_hal_tim.o
 .debug_ranges  0x00000000000007d0      0x158 ./Drivers/STM32F4xx_HAL_Driver/Src/stm32f4xx_hal_tim_ex.o
 .debug_ranges  0x0000000000000928       0x30 ./ThirdParty/FreeRTOS/list.o
 .debug_ranges  0x0000000000000958      0x120 ./ThirdParty/FreeRTOS/queue.o
 .debug_ranges  0x0000000000000a78      0x1f0 ./ThirdParty/FreeRTOS/tasks.o
 .debug_ranges  0x0000000000000c68       0xd8 ./ThirdParty/FreeRTOS/timers.o
 .debug_ranges  0x0000000000000d40       0x78 ./ThirdParty/FreeRTOS/portable/GCC/ARM_CM4F/port.o
 .debug_ranges  0x0000000000000db8       0x50 ./ThirdParty/FreeRTOS/portable/MemMang/heap_4.o
 .debug_ranges  0x0000000000000e08       0x18 ./ThirdParty/SEGGER/Config/SEGGER_SYSVIEW_Config_FreeRTOS.o
 .debug_ranges  0x0000000000000e20       0x38 ./ThirdParty/SEGGER/OS/SEGGER_SYSVIEW_FreeRTOS.o
 .debug_ranges  0x0000000000000e58       0x58 ./ThirdParty/SEGGER/Rec/segger_uart.o
 .debug_ranges  0x0000000000000eb0      0x128 ./ThirdParty/SEGGER/SEGGER/SEGGER_RTT.o
 .debug_ranges  0x0000000000000fd8      0x2d0 ./ThirdParty/SEGGER/SEGGER/SEGGER_SYSVIEW.o

.debug_macro    0x0000000000000000    0x23eb0
 .debug_macro   0x0000000000000000      0x2a6 ./Core/Src/main.o
 .debug_macro   0x00000000000002a6      0xa78 ./Core/Src/main.o
 .debug_macro   0x0000000000000d1e      0x295 ./Core/Src/main.o
 .debug_macro   0x0000000000000fb3       0x2e ./Core/Src/main.o
 .debug_macro   0x0000000000000fe1       0x28 ./Core/Src/main.o
 .debug_macro   0x0000000000001009       0x22 ./Core/Src/main.o
 .debug_macro   0x000000000000102b       0x8e ./Core/Src/main.o
 .debug_macro   0x00000000000010b9       0x51 ./Core/Src/main.o
 .debug_macro   0x000000000000110a      0x103 ./Core/Src/main.o
 .debug_macro   0x000000000000120d       0x6a ./Core/Src/main.o
 .debug_macro   0x0000000000001277      0x1df ./Core/Src/main.o
 .debug_macro   0x0000000000001456       0x1c ./Core/Src/main.o
 .debug_macro   0x0000000000001472       0x22 ./Core/Src/main.o
 .debug_macro   0x0000000000001494       0xd9 ./Core/Src/main.o
 .debug_macro   0x000000000000156d     0x102d ./Core/Src/main.o
 .debug_macro   0x000000000000259a      0x11f ./Core/Src/main.o
 .debug_macro   0x00000000000026b9    0x16749 ./Core/Src/main.o
 .debug_macro   0x0000000000018e02       0x6d ./Core/Src/main.o
 .debug_macro   0x0000000000018e6f     0x367e ./Core/Src/main.o
 .debug_macro   0x000000000001c4ed      0x174 ./Core/Src/main.o
 .debug_macro   0x000000000001c661       0x5c ./Core/Src/main.o
 .debug_macro   0x000000000001c6bd      0xc90 ./Core/Src/main.o
 .debug_macro   0x000000000001d34d      0x9fe ./Core/Src/main.o
 .debug_macro   0x000000000001dd4b      0x115 ./Core/Src/main.o
 .debug_macro   0x000000000001de60      0x1a0 ./Core/Src/main.o
 .debug_macro   0x000000000001e000       0xa5 ./Core/Src/main.o
 .debug_macro   0x000000000001e0a5      0x16d ./Core/Src/main.o
 .debug_macro   0x000000000001e212      0x287 ./Core/Src/main.o
 .debug_macro   0x000000000001e499       0x5f ./Core/Src/main.o
 .debug_macro   0x000000000001e4f8      0x236 ./Core/Src/main.o
 .debug_macro   0x000000000001e72e      0x132 ./Core/Src/main.o
 .debug_macro   0x000000000001e860      0x29c ./Core/Src/main.o
 .debug_macro   0x000000000001eafc       0x2e ./Core/Src/main.o
 .debug_macro   0x000000000001eb2a      0x11a ./Core/Src/main.o
 .debug_macro   0x000000000001ec44       0xe8 ./Core/Src/main.o
 .debug_macro   0x000000000001ed2c       0x89 ./Core/Src/main.o
 .debug_macro   0x000000000001edb5      0x8e6 ./Core/Src/main.o
 .debug_macro   0x000000000001f69b       0x4d ./Core/Src/main.o
 .debug_macro   0x000000000001f6e8      0x126 ./Core/Src/main.o
 .debug_macro   0x000000000001f80e       0x5e ./Core/Src/main.o
 .debug_macro   0x000000000001f86c      0x106 ./Core/Src/main.o
 .debug_macro   0x000000000001f972       0x58 ./Core/Src/main.o
 .debug_macro   0x000000000001f9ca       0x46 ./Core/Src/main.o
 .debug_macro   0x000000000001fa10       0x64 ./Core/Src/main.o
 .debug_macro   0x000000000001fa74       0x16 ./Core/Src/main.o
 .debug_macro   0x000000000001fa8a       0x49 ./Core/Src/main.o
 .debug_macro   0x000000000001fad3       0xca ./Core/Src/main.o
 .debug_macro   0x000000000001fb9d      0x220 ./Core/Src/main.o
 .debug_macro   0x000000000001fdbd      0x451 ./Core/Src/main.o
 .debug_macro   0x000000000002020e      0x15a ./Core/Src/main.o
 .debug_macro   0x0000000000020368       0xea ./Core/Src/main.o
 .debug_macro   0x0000000000020452       0x28 ./Core/Src/main.o
 .debug_macro   0x000000000002047a       0x1f ./Core/Src/main.o
 .debug_macro   0x0000000000020499       0x12 ./Core/Src/main.o
 .debug_macro   0x00000000000204ab      0x407 ./Core/Src/main.o
 .debug_macro   0x00000000000208b2       0xc3 ./Core/Src/main.o
 .debug_macro   0x0000000000020975      0x120 ./Core/Src/main.o
 .debug_macro   0x0000000000020a95      0x288 ./Core/Src/stm32f4xx_hal_msp.o
 .debug_macro   0x0000000000020d1d      0x1c4 ./Core/Src/stm32f4xx_hal_timebase_tim.o
 .debug_macro   0x0000000000020ee1      0x1dd ./Core/Src/stm32f4xx_it.o
 .debug_macro   0x00000000000210be      0x1c4 ./Core/Src/system_stm32f4xx.o
 .debug_macro   0x0000000000021282      0x224 ./Drivers/STM32F4xx_HAL_Driver/Src/stm32f4xx_hal.o
 .debug_macro   0x00000000000214a6      0x1c4 ./Drivers/STM32F4xx_HAL_Driver/Src/stm32f4xx_hal_cortex.o
 .debug_macro   0x000000000002166a      0x1ca ./Drivers/STM32F4xx_HAL_Driver/Src/stm32f4xx_hal_gpio.o
 .debug_macro   0x0000000000021834      0x1e8 ./Drivers/STM32F4xx_HAL_Driver/Src/stm32f4xx_hal_rcc.o
 .debug_macro   0x0000000000021a1c      0x1c4 ./Drivers/STM32F4xx_HAL_Driver/Src/stm32f4xx_hal_rcc_ex.o
 .debug_macro   0x0000000000021be0      0x1c5 ./Drivers/STM32F4xx_HAL_Driver/Src/stm32f4xx_hal_tim.o
 .debug_macro   0x0000000000021da5      0x1c4 ./Drivers/STM32F4xx_HAL_Driver/Src/stm32f4xx_hal_tim_ex.o
 .debug_macro   0x0000000000021f69      0x1f8 ./ThirdParty/FreeRTOS/list.o
 .debug_macro   0x0000000000022161      0x28f ./ThirdParty/FreeRTOS/queue.o
 .debug_macro   0x00000000000223f0       0x16 ./ThirdParty/FreeRTOS/queue.o
 .debug_macro   0x0000000000022406       0x20 ./ThirdParty/FreeRTOS/queue.o
 .debug_macro   0x0000000000022426       0x80 ./ThirdParty/FreeRTOS/queue.o
 .debug_macro   0x00000000000224a6      0x2de ./ThirdParty/FreeRTOS/tasks.o
 .debug_macro   0x0000000000022784       0x17 ./ThirdParty/FreeRTOS/tasks.o
 .debug_macro   0x000000000002279b      0x247 ./ThirdParty/FreeRTOS/timers.o
 .debug_macro   0x00000000000229e2       0x97 ./ThirdParty/FreeRTOS/timers.o
 .debug_macro   0x0000000000022a79      0x207 ./ThirdParty/FreeRTOS/portable/GCC/ARM_CM4F/port.o
 .debug_macro   0x0000000000022c80      0x279 ./ThirdParty/FreeRTOS/portable/MemMang/heap_4.o
 .debug_macro   0x0000000000022ef9      0x13b ./ThirdParty/SEGGER/Config/SEGGER_SYSVIEW_Config_FreeRTOS.o
 .debug_macro   0x0000000000023034      0x207 ./ThirdParty/SEGGER/OS/SEGGER_SYSVIEW_FreeRTOS.o
 .debug_macro   0x000000000002323b      0x41d ./ThirdParty/SEGGER/Rec/segger_uart.o
 .debug_macro   0x0000000000023658       0x3b ./ThirdParty/SEGGER/Rec/segger_uart.o
 .debug_macro   0x0000000000023693      0x138 ./ThirdParty/SEGGER/Rec/segger_uart.o
 .debug_macro   0x00000000000237cb       0x56 ./ThirdParty/SEGGER/Rec/segger_uart.o
 .debug_macro   0x0000000000023821      0x1e9 ./ThirdParty/SEGGER/SEGGER/SEGGER_RTT.o
 .debug_macro   0x0000000000023a0a       0x35 ./ThirdParty/SEGGER/SEGGER/SEGGER_RTT.o
 .debug_macro   0x0000000000023a3f      0x251 ./ThirdParty/SEGGER/SEGGER/SEGGER_SYSVIEW.o
 .debug_macro   0x0000000000023c90      0x220 ./ThirdParty/SEGGER/SEGGER/SEGGER_SYSVIEW.o

.debug_line     0x0000000000000000    0x16ccd
 .debug_line    0x0000000000000000      0xb53 ./Core/Src/main.o
 .debug_line    0x0000000000000b53      0x92a ./Core/Src/stm32f4xx_hal_msp.o
 .debug_line    0x000000000000147d      0x727 ./Core/Src/stm32f4xx_hal_timebase_tim.o
 .debug_line    0x0000000000001ba4      0x763 ./Core/Src/stm32f4xx_it.o
 .debug_line    0x0000000000002307      0x72d ./Core/Src/system_stm32f4xx.o
 .debug_line    0x0000000000002a34       0x88 ./Core/Startup/startup_stm32f446retx.o
 .debug_line    0x0000000000002abc      0x993 ./Drivers/STM32F4xx_HAL_Driver/Src/stm32f4xx_hal.o
 .debug_line    0x000000000000344f      0xc42 ./Drivers/STM32F4xx_HAL_Driver/Src/stm32f4xx_hal_cortex.o
 .debug_line    0x0000000000004091      0xaf3 ./Drivers/STM32F4xx_HAL_Driver/Src/stm32f4xx_hal_gpio.o
 .debug_line    0x0000000000004b84      0xd1b ./Drivers/STM32F4xx_HAL_Driver/Src/stm32f4xx_hal_rcc.o
 .debug_line    0x000000000000589f     0x13a6 ./Drivers/STM32F4xx_HAL_Driver/Src/stm32f4xx_hal_rcc_ex.o
 .debug_line    0x0000000000006c45     0x3687 ./Drivers/STM32F4xx_HAL_Driver/Src/stm32f4xx_hal_tim.o
 .debug_line    0x000000000000a2cc     0x1990 ./Drivers/STM32F4xx_HAL_Driver/Src/stm32f4xx_hal_tim_ex.o
 .debug_line    0x000000000000bc5c      0x888 ./ThirdParty/FreeRTOS/list.o
 .debug_line    0x000000000000c4e4     0x17c6 ./ThirdParty/FreeRTOS/queue.o
 .debug_line    0x000000000000dcaa     0x1f53 ./ThirdParty/FreeRTOS/tasks.o
 .debug_line    0x000000000000fbfd      0xdaa ./ThirdParty/FreeRTOS/timers.o
 .debug_line    0x00000000000109a7      0xa05 ./ThirdParty/FreeRTOS/portable/GCC/ARM_CM4F/port.o
 .debug_line    0x00000000000113ac      0xb0c ./ThirdParty/FreeRTOS/portable/MemMang/heap_4.o
 .debug_line    0x0000000000011eb8      0x661 ./ThirdParty/SEGGER/Config/SEGGER_SYSVIEW_Config_FreeRTOS.o
 .debug_line    0x0000000000012519      0x970 ./ThirdParty/SEGGER/OS/SEGGER_SYSVIEW_FreeRTOS.o
 .debug_line    0x0000000000012e89      0xb48 ./ThirdParty/SEGGER/Rec/segger_uart.o
 .debug_line    0x00000000000139d1      0xed7 ./ThirdParty/SEGGER/SEGGER/SEGGER_RTT.o
 .debug_line    0x00000000000148a8       0xa0 ./ThirdParty/SEGGER/SEGGER/SEGGER_RTT_ASM_ARMv7M.o
 .debug_line    0x0000000000014948     0x2385 ./ThirdParty/SEGGER/SEGGER/SEGGER_SYSVIEW.o

.debug_str      0x0000000000000000    0xdd1e9
 .debug_str     0x0000000000000000    0xd0fe1 ./Core/Src/main.o
                                      0xd13fd (size before relaxing)
 .debug_str     0x00000000000d0fe1       0x2c ./Core/Src/stm32f4xx_hal_msp.o
                                      0xce6c2 (size before relaxing)
 .debug_str     0x00000000000d100d      0x107 ./Core/Src/stm32f4xx_hal_timebase_tim.o
                                      0xc7ea2 (size before relaxing)
 .debug_str     0x00000000000d1114       0xe7 ./Core/Src/stm32f4xx_it.o
                                      0xc78dc (size before relaxing)
 .debug_str     0x00000000000d11fb       0xdb ./Core/Src/system_stm32f4xx.o
                                      0xc736a (size before relaxing)
 .debug_str     0x00000000000d12d6       0x36 ./Core/Startup/startup_stm32f446retx.o
                                         0x66 (size before relaxing)
 .debug_str     0x00000000000d130c      0x5d3 ./Drivers/STM32F4xx_HAL_Driver/Src/stm32f4xx_hal.o
                                      0xc7f2f (size before relaxing)
 .debug_str     0x00000000000d18df      0x33a ./Drivers/STM32F4xx_HAL_Driver/Src/stm32f4xx_hal_cortex.o
                                      0xc7c3d (size before relaxing)
 .debug_str     0x00000000000d1c19      0x105 ./Drivers/STM32F4xx_HAL_Driver/Src/stm32f4xx_hal_gpio.o
                                      0xc74e5 (size before relaxing)
 .debug_str     0x00000000000d1d1e      0x1fd ./Drivers/STM32F4xx_HAL_Driver/Src/stm32f4xx_hal_rcc.o
                                      0xc77a3 (size before relaxing)
 .debug_str     0x00000000000d1f1b      0x324 ./Drivers/STM32F4xx_HAL_Driver/Src/stm32f4xx_hal_rcc_ex.o
                                      0xc77d6 (size before relaxing)
 .debug_str     0x00000000000d223f      0xe69 ./Drivers/STM32F4xx_HAL_Driver/Src/stm32f4xx_hal_tim.o
                                      0xc86bf (size before relaxing)
 .debug_str     0x00000000000d30a8      0x503 ./Drivers/STM32F4xx_HAL_Driver/Src/stm32f4xx_hal_tim_ex.o
                                      0xc7edb (size before relaxing)
 .debug_str     0x00000000000d35ab     0x3008 ./ThirdParty/FreeRTOS/list.o
                                       0xed11 (size before relaxing)
 .debug_str     0x00000000000d65b3     0x14a1 ./ThirdParty/FreeRTOS/queue.o
                                      0x11492 (size before relaxing)
 .debug_str     0x00000000000d7a54     0x1b63 ./ThirdParty/FreeRTOS/tasks.o
                                      0x11fb7 (size before relaxing)
 .debug_str     0x00000000000d95b7      0x544 ./ThirdParty/FreeRTOS/timers.o
                                      0x11590 (size before relaxing)
 .debug_str     0x00000000000d9afb      0x812 ./ThirdParty/FreeRTOS/portable/GCC/ARM_CM4F/port.o
                                       0xd8f7 (size before relaxing)
 .debug_str     0x00000000000da30d      0x5d7 ./ThirdParty/FreeRTOS/portable/MemMang/heap_4.o
                                      0x1053b (size before relaxing)
 .debug_str     0x00000000000da8e4      0x1c5 ./ThirdParty/SEGGER/Config/SEGGER_SYSVIEW_Config_FreeRTOS.o
                                       0xb3b4 (size before relaxing)
 .debug_str     0x00000000000daaa9       0xef ./ThirdParty/SEGGER/OS/SEGGER_SYSVIEW_FreeRTOS.o
                                       0xff66 (size before relaxing)
 .debug_str     0x00000000000dab98     0x1028 ./ThirdParty/SEGGER/Rec/segger_uart.o
                                      0xcd154 (size before relaxing)
 .debug_str     0x00000000000dbbc0      0x748 ./ThirdParty/SEGGER/SEGGER/SEGGER_RTT.o
                                       0x82f8 (size before relaxing)
 .debug_str     0x00000000000dc308       0x34 ./ThirdParty/SEGGER/SEGGER/SEGGER_RTT_ASM_ARMv7M.o
                                         0x72 (size before relaxing)
 .debug_str     0x00000000000dc33c      0xead ./ThirdParty/SEGGER/SEGGER/SEGGER_SYSVIEW.o
                                       0xa5a7 (size before relaxing)

.comment        0x0000000000000000       0x50
 .comment       0x0000000000000000       0x50 ./Core/Src/main.o
                                         0x51 (size before relaxing)
 .comment       0x0000000000000050       0x51 ./Core/Src/stm32f4xx_hal_msp.o
 .comment       0x0000000000000050       0x51 ./Core/Src/stm32f4xx_hal_timebase_tim.o
 .comment       0x0000000000000050       0x51 ./Core/Src/stm32f4xx_it.o
 .comment       0x0000000000000050       0x51 ./Core/Src/system_stm32f4xx.o
 .comment       0x0000000000000050       0x51 ./Drivers/STM32F4xx_HAL_Driver/Src/stm32f4xx_hal.o
 .comment       0x0000000000000050       0x51 ./Drivers/STM32F4xx_HAL_Driver/Src/stm32f4xx_hal_cortex.o
 .comment       0x0000000000000050       0x51 ./Drivers/STM32F4xx_HAL_Driver/Src/stm32f4xx_hal_gpio.o
 .comment       0x0000000000000050       0x51 ./Drivers/STM32F4xx_HAL_Driver/Src/stm32f4xx_hal_rcc.o
 .comment       0x0000000000000050       0x51 ./Drivers/STM32F4xx_HAL_Driver/Src/stm32f4xx_hal_rcc_ex.o
 .comment       0x0000000000000050       0x51 ./Drivers/STM32F4xx_HAL_Driver/Src/stm32f4xx_hal_tim.o
 .comment       0x0000000000000050       0x51 ./Drivers/STM32F4xx_HAL_Driver/Src/stm32f4xx_hal_tim_ex.o
 .comment       0x0000000000000050       0x51 ./ThirdParty/FreeRTOS/list.o
 .comment       0x0000000000000050       0x51 ./ThirdParty/FreeRTOS/queue.o
 .comment       0x0000000000000050       0x51 ./ThirdParty/FreeRTOS/tasks.o
 .comment       0x0000000000000050       0x51 ./ThirdParty/FreeRTOS/timers.o
 .comment       0x0000000000000050       0x51 ./ThirdParty/FreeRTOS/portable/GCC/ARM_CM4F/port.o
 .comment       0x0000000000000050       0x51 ./ThirdParty/FreeRTOS/portable/MemMang/heap_4.o
 .comment       0x0000000000000050       0x51 ./ThirdParty/SEGGER/Config/SEGGER_SYSVIEW_Config_FreeRTOS.o
 .comment       0x0000000000000050       0x51 ./ThirdParty/SEGGER/OS/SEGGER_SYSVIEW_FreeRTOS.o
 .comment       0x0000000000000050       0x51 ./ThirdParty/SEGGER/Rec/segger_uart.o
 .comment       0x0000000000000050       0x51 ./ThirdParty/SEGGER/SEGGER/SEGGER_RTT.o
 .comment       0x0000000000000050       0x51 ./ThirdParty/SEGGER/SEGGER/SEGGER_SYSVIEW.o

.debug_frame    0x0000000000000000     0x5490
 .debug_frame   0x0000000000000000      0x138 ./Core/Src/main.o
 .debug_frame   0x0000000000000138       0x38 ./Core/Src/stm32f4xx_hal_msp.o
 .debug_frame   0x0000000000000170       0x74 ./Core/Src/stm32f4xx_hal_timebase_tim.o
 .debug_frame   0x00000000000001e4       0xe0 ./Core/Src/stm32f4xx_it.o
 .debug_frame   0x00000000000002c4       0x58 ./Core/Src/system_stm32f4xx.o
 .debug_frame   0x000000000000031c      0x374 ./Drivers/STM32F4xx_HAL_Driver/Src/stm32f4xx_hal.o
 .debug_frame   0x0000000000000690      0x498 ./Drivers/STM32F4xx_HAL_Driver/Src/stm32f4xx_hal_cortex.o